Component: ARM Compiler 5.06 update 6 (build 750) Tool: armlink [4d35ed]

==============================================================================

Section Cross References

    main.o(i.AutoReloadCallback) refers to timer.o(i.system_time_increase) for system_time_increase
    main.o(i.key_scan_task) refers to key.o(i.KEY_Scan) for KEY_Scan
    main.o(i.key_scan_task) refers to event_groups.o(i.xEventGroupSetBits) for xEventGroupSetBits
    main.o(i.key_scan_task) refers to delay.o(i.delay_ms) for delay_ms
    main.o(i.key_scan_task) refers to main.o(.data) for Send_Data_EventGroup_Handler
    main.o(i.led0_task) refers to event_groups.o(i.xEventGroupSetBits) for xEventGroupSetBits
    main.o(i.led0_task) refers to delay.o(i.delay_ms) for delay_ms
    main.o(i.led0_task) refers to main.o(.data) for Send_Data_EventGroup_Handler
    main.o(i.main) refers to misc.o(i.NVIC_PriorityGroupConfig) for NVIC_PriorityGroupConfig
    main.o(i.main) refers to delay.o(i.delay_init) for delay_init
    main.o(i.main) refers to usart.o(i.uart_init) for uart_init
    main.o(i.main) refers to timer.o(i.TIM4_Int_Init) for TIM4_Int_Init
    main.o(i.main) refers to led.o(i.LED_Init) for LED_Init
    main.o(i.main) refers to malloc.o(i.mem_init) for mem_init
    main.o(i.main) refers to timer.o(i.Set_Time) for Set_Time
    main.o(i.main) refers to tasks.o(i.xTaskCreate) for xTaskCreate
    main.o(i.main) refers to tasks.o(i.vTaskStartScheduler) for vTaskStartScheduler
    main.o(i.main) refers to main.o(.data) for StartTask_Handler
    main.o(i.main) refers to main.o(i.start_task) for start_task
    main.o(i.send_data_task) refers to _printf_percent.o(.ARM.Collect$$_printf_percent$$00000000) for _printf_percent
    main.o(i.send_data_task) refers to _printf_x.o(.ARM.Collect$$_printf_percent$$0000000C) for _printf_x
    main.o(i.send_data_task) refers to _printf_hex_int_ll_ptr.o(.text) for _printf_longlong_hex
    main.o(i.send_data_task) refers to _printf_d.o(.ARM.Collect$$_printf_percent$$00000009) for _printf_d
    main.o(i.send_data_task) refers to _printf_dec.o(.text) for _printf_int_dec
    main.o(i.send_data_task) refers to event_groups.o(i.xEventGroupWaitBits) for xEventGroupWaitBits
    main.o(i.send_data_task) refers to __2printf.o(.text) for __2printf
    main.o(i.send_data_task) refers to __2sprintf.o(.text) for __2sprintf
    main.o(i.send_data_task) refers to lora.o(i.Send_Data) for Send_Data
    main.o(i.send_data_task) refers to delay.o(i.delay_ms) for delay_ms
    main.o(i.send_data_task) refers to main.o(.data) for EventGroup_Handler
    main.o(i.send_data_task) refers to timer.o(.data) for TDATATIME
    main.o(i.start_task) refers to port.o(i.vPortEnterCritical) for vPortEnterCritical
    main.o(i.start_task) refers to event_groups.o(i.xEventGroupCreate) for xEventGroupCreate
    main.o(i.start_task) refers to timers.o(i.xTimerCreate) for xTimerCreate
    main.o(i.start_task) refers to tasks.o(i.xTaskCreate) for xTaskCreate
    main.o(i.start_task) refers to port.o(i.vPortExitCritical) for vPortExitCritical
    main.o(i.start_task) refers to usart3.o(i.usart3_init) for usart3_init
    main.o(i.start_task) refers to lora.o(i.LORA_Init) for LORA_Init
    main.o(i.start_task) refers to tasks.o(i.xTaskGetTickCount) for xTaskGetTickCount
    main.o(i.start_task) refers to timers.o(i.xTimerGenericCommand) for xTimerGenericCommand
    main.o(i.start_task) refers to tasks.o(i.vTaskDelete) for vTaskDelete
    main.o(i.start_task) refers to main.o(.data) for EventGroup_Handler
    main.o(i.start_task) refers to main.o(i.AutoReloadCallback) for AutoReloadCallback
    main.o(i.start_task) refers to main.o(i.led0_task) for led0_task
    main.o(i.start_task) refers to main.o(i.send_data_task) for send_data_task
    main.o(i.start_task) refers to main.o(i.key_scan_task) for key_scan_task
    system_stm32f10x.o(i.SetSysClock) refers to system_stm32f10x.o(i.SetSysClockTo72) for SetSysClockTo72
    system_stm32f10x.o(i.SystemCoreClockUpdate) refers to system_stm32f10x.o(.data) for SystemCoreClock
    system_stm32f10x.o(i.SystemInit) refers to system_stm32f10x.o(i.SetSysClock) for SetSysClock
    led.o(i.LED_Init) refers to stm32f10x_rcc.o(i.RCC_APB2PeriphClockCmd) for RCC_APB2PeriphClockCmd
    led.o(i.LED_Init) refers to stm32f10x_gpio.o(i.GPIO_Init) for GPIO_Init
    led.o(i.LED_Init) refers to stm32f10x_gpio.o(i.GPIO_SetBits) for GPIO_SetBits
    timer.o(i.ConfigureTimeForRunTimeStats) refers to timer.o(i.TIM3_Int_Init) for TIM3_Int_Init
    timer.o(i.ConfigureTimeForRunTimeStats) refers to timer.o(.data) for FreeRTOSRunTimeTicks
    timer.o(i.Set_Time) refers to _printf_percent.o(.ARM.Collect$$_printf_percent$$00000000) for _printf_percent
    timer.o(i.Set_Time) refers to _printf_d.o(.ARM.Collect$$_printf_percent$$00000009) for _printf_d
    timer.o(i.Set_Time) refers to _printf_dec.o(.text) for _printf_int_dec
    timer.o(i.Set_Time) refers to __2printf.o(.text) for __2printf
[...]
    fac_ms                                   0x2000004a   Data           2  delay.o(.data)
    .data                                    0x2000004c   Section        6  usart.o(.data)
    .data                                    0x20000052   Section       20  stm32f10x_rcc.o(.data)
    APBAHBPrescTable                         0x20000052   Data          16  stm32f10x_rcc.o(.data)
    ADCPrescTable                            0x20000062   Data           4  stm32f10x_rcc.o(.data)
    .data                                    0x20000068   Section       20  malloc.o(.data)
    .data                                    0x2000007c   Section       64  tasks.o(.data)
    pxDelayedTaskList                        0x20000080   Data           4  tasks.o(.data)
    pxOverflowDelayedTaskList                0x20000084   Data           4  tasks.o(.data)
    uxDeletedTasksWaitingCleanUp             0x20000088   Data           4  tasks.o(.data)
    uxCurrentNumberOfTasks                   0x2000008c   Data           4  tasks.o(.data)
    xTickCount                               0x20000090   Data           4  tasks.o(.data)
    uxTopReadyPriority                       0x20000094   Data           4  tasks.o(.data)
    xSchedulerRunning                        0x20000098   Data           4  tasks.o(.data)
    xPendedTicks                             0x2000009c   Data           4  tasks.o(.data)
    xYieldPending                            0x200000a0   Data           4  tasks.o(.data)
    xNumOfOverflows                          0x200000a4   Data           4  tasks.o(.data)
    uxTaskNumber                             0x200000a8   Data           4  tasks.o(.data)
    xNextTaskUnblockTime                     0x200000ac   Data           4  tasks.o(.data)
    xIdleTaskHandle                          0x200000b0   Data           4  tasks.o(.data)
    uxSchedulerSuspended                     0x200000b8   Data           4  tasks.o(.data)
    .data                                    0x200000bc   Section       20  timers.o(.data)
    pxCurrentTimerList                       0x200000bc   Data           4  timers.o(.data)
    pxOverflowTimerList                      0x200000c0   Data           4  timers.o(.data)
    xTimerQueue                              0x200000c4   Data           4  timers.o(.data)
    xTimerTaskHandle                         0x200000c8   Data           4  timers.o(.data)
    xLastTime                                0x200000cc   Data           4  timers.o(.data)
    .data                                    0x200000d0   Section       32  heap_4.o(.data)
    xStart                                   0x200000d0   Data           8  heap_4.o(.data)
    pxEnd                                    0x200000d8   Data           4  heap_4.o(.data)
    xFreeBytesRemaining                      0x200000dc   Data           4  heap_4.o(.data)
    xMinimumEverFreeBytesRemaining           0x200000e0   Data           4  heap_4.o(.data)
    xNumberOfSuccessfulAllocations           0x200000e4   Data           4  heap_4.o(.data)
    xNumberOfSuccessfulFrees                 0x200000e8   Data           4  heap_4.o(.data)
    xBlockAllocatedBit                       0x200000ec   Data           4  heap_4.o(.data)
    .data                                    0x200000f0   Section       12  port.o(.data)
    uxCriticalNesting                        0x200000f0   Data           4  port.o(.data)
    ucMaxSysCallPriority                     0x200000f4   Data           1  port.o(.data)
    ulMaxPRIGROUPValue                       0x200000f8   Data           4  port.o(.data)
    .bss                                     0x200000fc   Section       20  timer.o(.bss)
    .bss                                     0x20000110   Section     1000  usart3.o(.bss)
    .bss                                     0x200004f8   Section      200  usart.o(.bss)
    .bss                                     0x200005c0   Section     5760  malloc.o(.bss)
    .bss                                     0x20001c40   Section       64  queue.o(.bss)
    .bss                                     0x20001c80   Section      740  tasks.o(.bss)
    pxReadyTasksLists                        0x20001c80   Data         640  tasks.o(.bss)
    xDelayedTaskList1                        0x20001f00   Data          20  tasks.o(.bss)
    xDelayedTaskList2                        0x20001f14   Data          20  tasks.o(.bss)
    xPendingReadyList                        0x20001f28   Data          20  tasks.o(.bss)
    xTasksWaitingTermination                 0x20001f3c   Data          20  tasks.o(.bss)
    xSuspendedTaskList                       0x20001f50   Data          20  tasks.o(.bss)
    .bss                                     0x20001f64   Section       40  timers.o(.bss)
    xActiveTimerList1                        0x20001f64   Data          20  timers.o(.bss)
    xActiveTimerList2                        0x20001f78   Data          20  timers.o(.bss)
    .bss                                     0x20001f8c   Section    10240  heap_4.o(.bss)
    ucHeap                                   0x20001f8c   Data       10240  heap_4.o(.bss)
    .bss                                     0x2000478c   Section       96  libspace.o(.bss)
    HEAP                                     0x200047f0   Section      512  startup_stm32f10x_md.o(HEAP)
    Heap_Mem                                 0x200047f0   Data         512  startup_stm32f10x_md.o(HEAP)
    STACK                                    0x200049f0   Section     1024  startup_stm32f10x_md.o(STACK)
    Stack_Mem                                0x200049f0   Data        1024  startup_stm32f10x_md.o(STACK)
    __initial_sp                             0x20004df0   Data           0  startup_stm32f10x_md.o(STACK)

    Global Symbols

    Symbol Name                              Value     Ov Type        Size  Object(Section)

    BuildAttributes$$THM_ISAv4$P$D$K$B$S$PE$A:L22UL41UL21$X:L11$S22US41US21$IEEE1$IW$USESV6$~STKCKD$USESV7$~SHL$OTIME$ROPI$IEEEJ$EBA8$UX$STANDARDLIB$REQ8$PRES8$EABIv2 0x00000000   Number         0  anon$$obj.o ABSOLUTE
    __ARM_use_no_argv                        0x00000000   Number         0  main.o ABSOLUTE
    _printf_flags                            0x00000000   Number         0  printf_stubs.o ABSOLUTE
    _printf_return_value                     0x00000000   Number         0  printf_stubs.o ABSOLUTE
    _printf_sizespec                         0x00000000   Number         0  printf_stubs.o ABSOLUTE
    _printf_widthprec                        0x00000000   Number         0  printf_stubs.o ABSOLUTE
    __ARM_exceptions_init                     - Undefined Weak Reference
    __alloca_initialize                       - Undefined Weak Reference
    __arm_preinit_                            - Undefined Weak Reference
    __cpp_initialize__aeabi_                  - Undefined Weak Reference
    __cxa_finalize                            - Undefined Weak Reference
    __sigvec_lookup                           - Undefined Weak Reference
    _atexit_init                              - Undefined Weak Reference
    _call_atexit_fns                          - Undefined Weak Reference
    _clock_init                               - Undefined Weak Reference
    _fp_trap_init                             - Undefined Weak Reference
    _fp_trap_shutdown                         - Undefined Weak Reference
    _get_lc_collate                           - Undefined Weak Reference
    _get_lc_monetary                          - Undefined Weak Reference
    _get_lc_time                              - Undefined Weak Reference
    _getenv_init                              - Undefined Weak Reference
    _handle_redirection                       - Undefined Weak Reference
    _init_alloc                               - Undefined Weak Reference
    _init_user_alloc                          - Undefined Weak Reference
    _initio                                   - Undefined Weak Reference
    _mutex_acquire                            - Undefined Weak Reference
    _mutex_release                            - Undefined Weak Reference
    _printf_mbtowc                            - Undefined Weak Reference
    _printf_wc                                - Undefined Weak Reference
    _rand_init                                - Undefined Weak Reference
    _signal_finish                            - Undefined Weak Reference
    _signal_init                              - Undefined Weak Reference
    _terminate_alloc                          - Undefined Weak Reference
    _terminate_user_alloc                     - Undefined Weak Reference
    _terminateio                              - Undefined Weak Reference
    __Vectors_Size                           0x000000ec   Number         0  startup_stm32f10x_md.o ABSOLUTE
    __Vectors                                0x08000000   Data           4  startup_stm32f10x_md.o(RESET)
    __Vectors_End                            0x080000ec   Data           0  startup_stm32f10x_md.o(RESET)
    __main                                   0x080000ed   Thumb Code     8  __main.o(!!!main)
    __scatterload                            0x080000f5   Thumb Code     0  __scatter.o(!!!scatter)
    __scatterload_rt2                        0x080000f5   Thumb Code    44  __scatter.o(!!!scatter)
    __scatterload_rt2_thumb_only             0x080000f5   Thumb Code     0  __scatter.o(!!!scatter)
    __scatterload_null                       0x08000103   Thumb Code     0  __scatter.o(!!!scatter)
    __scatterload_copy                       0x08000129   Thumb Code    26  __scatter_copy.o(!!handler_copy)
    __scatterload_zeroinit                   0x08000145   Thumb Code    28  __scatter_zi.o(!!handler_zi)
    _printf_n                                0x08000161   Thumb Code     0  _printf_n.o(.ARM.Collect$$_printf_percent$$00000001)
    _printf_percent                          0x08000161   Thumb Code     0  _printf_percent.o(.ARM.Collect$$_printf_percent$$00000000)
    _printf_p                                0x08000167   Thumb Code     0  _printf_p.o(.ARM.Collect$$_printf_percent$$00000002)
    _printf_f                                0x0800016d   Thumb Code     0  _printf_f.o(.ARM.Collect$$_printf_percent$$00000003)
    _printf_e                                0x08000173   Thumb Code     0  _printf_e.o(.ARM.Collect$$_printf_percent$$00000004)
    _printf_g                                0x08000179   Thumb Code     0  _printf_g.o(.ARM.Collect$$_printf_percent$$00000005)
    _printf_a                                0x0800017f   Thumb Code     0  _printf_a.o(.ARM.Collect$$_printf_percent$$00000006)
    _printf_ll                               0x08000185   Thumb Code     0  _printf_ll.o(.ARM.Collect$$_printf_percent$$00000007)
    _printf_i                                0x0800018f   Thumb Code     0  _printf_i.o(.ARM.Collect$$_printf_percent$$00000008)
    _printf_d                                0x08000195   Thumb Code     0  _printf_d.o(.ARM.Collect$$_printf_percent$$00000009)
    _printf_u                                0x0800019b   Thumb Code     0  _printf_u.o(.ARM.Collect$$_printf_percent$$0000000A)
    _printf_o                                0x080001a1   Thumb Code     0  _printf_o.o(.ARM.Collect$$_printf_percent$$0000000B)
    _printf_x                                0x080001a7   Thumb Code     0  _printf_x.o(.ARM.Collect$$_printf_percent$$0000000C)
    _printf_lli                              0x080001ad   Thumb Code     0  _printf_lli.o(.ARM.Collect$$_printf_percent$$0000000D)
    _printf_lld                              0x080001b3   Thumb Code     0  _printf_lld.o(.ARM.Collect$$_printf_percent$$0000000E)
    _printf_llu                              0x080001b9   Thumb Code     0  _printf_llu.o(.ARM.Collect$$_printf_percent$$0000000F)
    _printf_llo                              0x080001bf   Thumb Code     0  _printf_llo.o(.ARM.Collect$$_printf_percent$$00000010)
    _printf_llx                              0x080001c5   Thumb Code     0  _printf_llx.o(.ARM.Collect$$_printf_percent$$00000011)
    _printf_l                                0x080001cb   Thumb Code     0  _printf_l.o(.ARM.Collect$$_printf_percent$$00000012)
    _printf_c                                0x080001d5   Thumb Code     0  _printf_c.o(.ARM.Collect$$_printf_percent$$00000013)
    _printf_s                                0x080001db   Thumb Code     0  _printf_s.o(.ARM.Collect$$_printf_percent$$00000014)
    _printf_lc                               0x080001e1   Thumb Code     0  _printf_lc.o(.ARM.Collect$$_printf_percent$$00000015)
    _printf_ls                               0x080001e7   Thumb Code     0  _printf_ls.o(.ARM.Collect$$_printf_percent$$00000016)
    _printf_percent_end                      0x080001ed   Thumb Code     0  _printf_percent_end.o(.ARM.Collect$$_printf_percent$$00000017)
    __rt_lib_init                            0x080001f1   Thumb Code     0  libinit.o(.ARM.Collect$$libinit$$00000000)
    __rt_lib_init_fp_1                       0x080001f3   Thumb Code     0  libinit2.o(.ARM.Collect$$libinit$$00000002)
    __rt_lib_init_heap_1                     0x080001f3   Thumb Code     0  libinit2.o(.ARM.Collect$$libinit$$0000000A)
    __rt_lib_init_lc_common                  0x080001f3   Thumb Code     0  libinit2.o(.ARM.Collect$$libinit$$0000000F)
    __rt_lib_init_preinit_1                  0x080001f3   Thumb Code     0  libinit2.o(.ARM.Collect$$libinit$$00000004)
    __rt_lib_init_rand_1                     0x080001f3   Thumb Code     0  libinit2.o(.ARM.Collect$$libinit$$0000000E)
    __rt_lib_init_user_alloc_1               0x080001f3   Thumb Code     0  libinit2.o(.ARM.Collect$$libinit$$0000000C)
    __rt_lib_init_lc_collate_1               0x080001f9   Thumb Code     0  libinit2.o(.ARM.Collect$$libinit$$00000011)
    __rt_lib_init_lc_ctype_2                 0x080001f9   Thumb Code     0  libinit2.o(.ARM.Collect$$libinit$$00000012)
    __rt_lib_init_lc_ctype_1                 0x08000205   Thumb Code     0  libinit2.o(.ARM.Collect$$libinit$$00000013)
    __rt_lib_init_lc_monetary_1              0x08000205   Thumb Code     0  libinit2.o(.ARM.Collect$$libinit$$00000015)
    __rt_lib_init_lc_numeric_2               0x08000205   Thumb Code     0  libinit2.o(.ARM.Collect$$libinit$$00000016)
    __rt_lib_init_alloca_1                   0x0800020f   Thumb Code     0  libinit2.o(.ARM.Collect$$libinit$$0000002E)
    __rt_lib_init_argv_1                     0x0800020f   Thumb Code     0  libinit2.o(.ARM.Collect$$libinit$$0000002C)
    __rt_lib_init_atexit_1                   0x0800020f   Thumb Code     0  libinit2.o(.ARM.Collect$$libinit$$0000001B)
    __rt_lib_init_clock_1                    0x0800020f   Thumb Code     0  libinit2.o(.ARM.Collect$$libinit$$00000021)
    __rt_lib_init_cpp_1                      0x0800020f   Thumb Code     0  libinit2.o(.ARM.Collect$$libinit$$00000032)
    __rt_lib_init_exceptions_1               0x0800020f   Thumb Code     0  libinit2.o(.ARM.Collect$$libinit$$00000030)
    __rt_lib_init_fp_trap_1                  0x0800020f   Thumb Code     0  libinit2.o(.ARM.Collect$$libinit$$0000001F)
    __rt_lib_init_getenv_1                   0x0800020f   Thumb Code     0  libinit2.o(.ARM.Collect$$libinit$$00000023)
    __rt_lib_init_lc_numeric_1               0x0800020f   Thumb Code     0  libinit2.o(.ARM.Collect$$libinit$$00000017)
    __rt_lib_init_lc_time_1                  0x0800020f   Thumb Code     0  libinit2.o(.ARM.Collect$$libinit$$00000019)
    __rt_lib_init_return                     0x0800020f   Thumb Code     0  libinit2.o(.ARM.Collect$$libinit$$00000033)
    __rt_lib_init_signal_1                   0x0800020f   Thumb Code     0  libinit2.o(.ARM.Collect$$libinit$$0000001D)
    __rt_lib_init_stdio_1                    0x0800020f   Thumb Code     0  libinit2.o(.ARM.Collect$$libinit$$00000025)
    __rt_lib_shutdown                        0x08000211   Thumb Code     0  libshutdown.o(.ARM.Collect$$libshutdown$$00000000)
    __rt_lib_shutdown_cpp_1                  0x08000213   Thumb Code     0  libshutdown2.o(.ARM.Collect$$libshutdown$$00000002)
    __rt_lib_shutdown_fp_trap_1              0x08000213   Thumb Code     0  libshutdown2.o(.ARM.Collect$$libshutdown$$00000007)
    __rt_lib_shutdown_heap_1                 0x08000213   Thumb Code     0  libshutdown2.o(.ARM.Collect$$libshutdown$$0000000F)
    __rt_lib_shutdown_return                 0x08000213   Thumb Code     0  libshutdown2.o(.ARM.Collect$$libshutdown$$00000010)
    __rt_lib_shutdown_signal_1               0x08000213   Thumb Code     0  libshutdown2.o(.ARM.Collect$$libshutdown$$0000000A)
    __rt_lib_shutdown_stdio_1                0x08000213   Thumb Code     0  libshutdown2.o(.ARM.Collect$$libshutdown$$00000004)
    __rt_lib_shutdown_user_alloc_1           0x08000213   Thumb Code     0  libshutdown2.o(.ARM.Collect$$libshutdown$$0000000C)
    __rt_entry                               0x08000215   Thumb Code     0  __rtentry.o(.ARM.Collect$$rtentry$$00000000)
    __rt_entry_presh_1                       0x08000215   Thumb Code     0  __rtentry2.o(.ARM.Collect$$rtentry$$00000002)
    __rt_entry_sh                            0x08000215   Thumb Code     0  __rtentry4.o(.ARM.Collect$$rtentry$$00000004)
    __rt_entry_li                            0x0800021b   Thumb Code     0  __rtentry2.o(.ARM.Collect$$rtentry$$0000000A)
    __rt_entry_postsh_1                      0x0800021b   Thumb Code     0  __rtentry2.o(.ARM.Collect$$rtentry$$00000009)
    __rt_entry_main                          0x0800021f   Thumb Code     0  __rtentry2.o(.ARM.Collect$$rtentry$$0000000D)
    __rt_entry_postli_1                      0x0800021f   Thumb Code     0  __rtentry2.o(.ARM.Collect$$rtentry$$0000000C)
    __rt_exit                                0x08000227   Thumb Code     0  rtexit.o(.ARM.Collect$$rtexit$$00000000)
    __rt_exit_ls                             0x08000229   Thumb Code     0  rtexit2.o(.ARM.Collect$$rtexit$$00000003)
    __rt_exit_prels_1                        0x08000229   Thumb Code     0  rtexit2.o(.ARM.Collect$$rtexit$$00000002)
    __rt_exit_exit                           0x0800022d   Thumb Code     0  rtexit2.o(.ARM.Collect$$rtexit$$00000004)
    SVC_Handler                              0x08000235   Thumb Code    32  port.o(.emb_text)
    __asm___6_port_c_39a90d8d__prvStartFirstTask 0x08000259   Thumb Code    28  port.o(.emb_text)
    PendSV_Handler                           0x08000279   Thumb Code    72  port.o(.emb_text)
    vPortGetIPSR                             0x080002c5   Thumb Code     6  port.o(.emb_text)
    Reset_Handler                            0x080002cd   Thumb Code     8  startup_stm32f10x_md.o(.text)
    ADC1_2_IRQHandler                        0x080002e7   Thumb Code     0  startup_stm32f10x_md.o(.text)
    CAN1_RX1_IRQHandler                      0x080002e7   Thumb Code     0  startup_stm32f10x_md.o(.text)
    CAN1_SCE_IRQHandler                      0x080002e7   Thumb Code     0  startup_stm32f10x_md.o(.text)
    DMA1_Channel1_IRQHandler                 0x080002e7   Thumb Code     0  startup_stm32f10x_md.o(.text)
    DMA1_Channel2_IRQHandler                 0x080002e7   Thumb Code     0  startup_stm32f10x_md.o(.text)
    DMA1_Channel3_IRQHandler                 0x080002e7   Thumb Code     0  startup_stm32f10x_md.o(.text)
    DMA1_Channel4_IRQHandler                 0x080002e7   Thumb Code     0  startup_stm32f10x_md.o(.text)
    DMA1_Channel5_IRQHandler                 0x080002e7   Thumb Code     0  startup_stm32f10x_md.o(.text)
    DMA1_Channel6_IRQHandler                 0x080002e7   Thumb Code     0  startup_stm32f10x_md.o(.text)
    DMA1_Channel7_IRQHandler                 0x080002e7   Thumb Code     0  startup_stm32f10x_md.o(.text)
    EXTI0_IRQHandler                         0x080002e7   Thumb Code     0  startup_stm32f10x_md.o(.text)
    EXTI15_10_IRQHandler                     0x080002e7   Thumb Code     0  startup_stm32f10x_md.o(.text)
    EXTI1_IRQHandler                         0x080002e7   Thumb Code     0  startup_stm32f10x_md.o(.text)
    EXTI2_IRQHandler                         0x080002e7   Thumb Code     0  startup_stm32f10x_md.o(.text)
    EXTI3_IRQHandler                         0x080002e7   Thumb Code     0  startup_stm32f10x_md.o(.text)
    EXTI4_IRQHandler                         0x080002e7   Thumb Code     0  startup_stm32f10x_md.o(.text)
    EXTI9_5_IRQHandler                       0x080002e7   Thumb Code     0  startup_stm32f10x_md.o(.text)
    FLASH_IRQHandler                         0x080002e7   Thumb Code     0  startup_stm32f10x_md.o(.text)
    I2C1_ER_IRQHandler                       0x080002e7   Thumb Code     0  startup_stm32f10x_md.o(.text)
    I2C1_EV_IRQHandler                       0x080002e7   Thumb Code     0  startup_stm32f10x_md.o(.text)
    I2C2_ER_IRQHandler                       0x080002e7   Thumb Code     0  startup_stm32f10x_md.o(.text)
    I2C2_EV_IRQHandler                       0x080002e7   Thumb Code     0  startup_stm32f10x_md.o(.text)
    PVD_IRQHandler                           0x080002e7   Thumb Code     0  startup_stm32f10x_md.o(.text)
    RCC_IRQHandler                           0x080002e7   Thumb Code     0  startup_stm32f10x_md.o(.text)
    RTCAlarm_IRQHandler                      0x080002e7   Thumb Code     0  startup_stm32f10x_md.o(.text)
    RTC_IRQHandler                           0x080002e7   Thumb Code     0  startup_stm32f10x_md.o(.text)
    SPI1_IRQHandler                          0x080002e7   Thumb Code     0  startup_stm32f10x_md.o(.text)
    SPI2_IRQHandler                          0x080002e7   Thumb Code     0  startup_stm32f10x_md.o(.text)
    TAMPER_IRQHandler                        0x080002e7   Thumb Code     0  startup_stm32f10x_md.o(.text)
    TIM1_BRK_IRQHandler                      0x080002e7   Thumb Code     0  startup_stm32f10x_md.o(.text)
    TIM1_CC_IRQHandler                       0x080002e7   Thumb Code     0  startup_stm32f10x_md.o(.text)
    TIM1_TRG_COM_IRQHandler                  0x080002e7   Thumb Code     0  startup_stm32f10x_md.o(.text)
    TIM1_UP_IRQHandler                       0x080002e7   Thumb Code     0  startup_stm32f10x_md.o(.text)
    TIM2_IRQHandler                          0x080002e7   Thumb Code     0  startup_stm32f10x_md.o(.text)
    USART2_IRQHandler                        0x080002e7   Thumb Code     0  startup_stm32f10x_md.o(.text)
    USBWakeUp_IRQHandler                     0x080002e7   Thumb Code     0  startup_stm32f10x_md.o(.text)
    USB_HP_CAN1_TX_IRQHandler                0x080002e7   Thumb Code     0  startup_stm32f10x_md.o(.text)
    USB_LP_CAN1_RX0_IRQHandler               0x080002e7   Thumb Code     0  startup_stm32f10x_md.o(.text)
    WWDG_IRQHandler                          0x080002e7   Thumb Code     0  startup_stm32f10x_md.o(.text)
    __user_initial_stackheap                 0x080002e9   Thumb Code     0  startup_stm32f10x_md.o(.text)
    __use_no_semihosting                     0x0800030d   Thumb Code     2  use_no_semi_2.o(.text)
    vsprintf                                 0x08000311   Thumb Code    32  vsprintf.o(.text)
    __2printf                                0x08000335   Thumb Code    20  __2printf.o(.text)
    __2sprintf                               0x0800034d   Thumb Code    38  __2sprintf.o(.text)
    _printf_str                              0x08000379   Thumb Code    82  _printf_str.o(.text)
    _printf_int_dec                          0x080003cd   Thumb Code   104  _printf_dec.o(.text)
    _printf_longlong_hex                     0x08000445   Thumb Code    86  _printf_hex_int_ll_ptr.o(.text)
    _printf_int_hex                          0x0800049b   Thumb Code    28  _printf_hex_int_ll_ptr.o(.text)
    _printf_ll_hex                           0x080004b7   Thumb Code    12  _printf_hex_int_ll_ptr.o(.text)
    _printf_hex_ptr                          0x080004c3   Thumb Code    18  _printf_hex_int_ll_ptr.o(.text)
    __printf                                 0x080004d9   Thumb Code   388  __printf_flags_ss_wp.o(.text)
    strstr                                   0x08000661   Thumb Code    36  strstr.o(.text)
    strlen                                   0x08000685   Thumb Code    62  strlen.o(.text)
    __aeabi_memcpy                           0x080006c3   Thumb Code     0  rt_memcpy_v6.o(.text)
    __rt_memcpy                              0x080006c3   Thumb Code   138  rt_memcpy_v6.o(.text)
    _memcpy_lastbytes                        0x08000729   Thumb Code     0  rt_memcpy_v6.o(.text)
    __aeabi_memset                           0x0800074d   Thumb Code    16  aeabi_memset.o(.text)
    __aeabi_memclr                           0x0800075d   Thumb Code     0  rt_memclr.o(.text)
    __rt_memclr                              0x0800075d   Thumb Code    68  rt_memclr.o(.text)
    _memset                                  0x08000761   Thumb Code     0  rt_memclr.o(.text)
    __aeabi_memclr4                          0x080007a1   Thumb Code     0  rt_memclr_w.o(.text)
    __aeabi_memclr8                          0x080007a1   Thumb Code     0  rt_memclr_w.o(.text)
    __rt_memclr_w                            0x080007a1   Thumb Code    78  rt_memclr_w.o(.text)
    _memset_w                                0x080007a5   Thumb Code     0  rt_memclr_w.o(.text)
    __use_two_region_memory                  0x080007ef   Thumb Code     2  heapauxi.o(.text)
    __rt_heap_escrow$2region                 0x080007f1   Thumb Code     2  heapauxi.o(.text)
    __rt_heap_expand$2region                 0x080007f3   Thumb Code     2  heapauxi.o(.text)
    __I$use$semihosting                      0x080007f5   Thumb Code     0  use_no_semi.o(.text)
    __use_no_semihosting_swi                 0x080007f5   Thumb Code     2  use_no_semi.o(.text)
    _printf_pre_padding                      0x080007f7   Thumb Code    44  _printf_pad.o(.text)
    _printf_post_padding                     0x08000823   Thumb Code    34  _printf_pad.o(.text)
    _printf_truncate_signed                  0x08000845   Thumb Code    18  _printf_truncate.o(.text)
    _printf_truncate_unsigned                0x08000857   Thumb Code    18  _printf_truncate.o(.text)
    _printf_int_common                       0x08000869   Thumb Code   178  _printf_intcommon.o(.text)
    _printf_charcount                        0x0800091b   Thumb Code    40  _printf_charcount.o(.text)
    _printf_char_common                      0x0800094f   Thumb Code    32  _printf_char_common.o(.text)
    _sputc                                   0x08000975   Thumb Code    10  _sputc.o(.text)
    _printf_cs_common                        0x0800097f   Thumb Code    20  _printf_char.o(.text)
    _printf_char                             0x08000993   Thumb Code    16  _printf_char.o(.text)
    _printf_string                           0x080009a3   Thumb Code     8  _printf_char.o(.text)
    _printf_char_file                        0x080009ad   Thumb Code    32  _printf_char_file.o(.text)
    _printf_wctomb                           0x080009d1   Thumb Code   182  _printf_wctomb.o(.text)
    _printf_longlong_dec                     0x08000a8d   Thumb Code   108  _printf_longlong_dec.o(.text)
    _printf_longlong_oct                     0x08000b09   Thumb Code    66  _printf_oct_int_ll.o(.text)
    _printf_int_oct                          0x08000b4b   Thumb Code    24  _printf_oct_int_ll.o(.text)
    _printf_ll_oct                           0x08000b63   Thumb Code    12  _printf_oct_int_ll.o(.text)
    __aeabi_memcpy4                          0x08000b79   Thumb Code     0  rt_memcpy_w.o(.text)
    __aeabi_memcpy8                          0x08000b79   Thumb Code     0  rt_memcpy_w.o(.text)
    __rt_memcpy_w                            0x08000b79   Thumb Code   100  rt_memcpy_w.o(.text)
    _memcpy_lastbytes_aligned                0x08000bc1   Thumb Code     0  rt_memcpy_w.o(.text)
    _ll_udiv10                               0x08000bdd   Thumb Code   138  lludiv10.o(.text)
    __lib_sel_fp_printf                      0x08000c67   Thumb Code     2  _printf_fp_dec.o(.text)
    _printf_fp_dec_real                      0x08000e19   Thumb Code   620  _printf_fp_dec.o(.text)
    _printf_fp_hex_real                      0x08001085   Thumb Code   756  _printf_fp_hex.o(.text)
    _printf_lcs_common                       0x08001381   Thumb Code    20  _printf_wchar.o(.text)
    _printf_wchar                            0x08001395   Thumb Code    16  _printf_wchar.o(.text)
    _printf_wstring                          0x080013a5   Thumb Code     8  _printf_wchar.o(.text)
    ferror                                   0x080013ad   Thumb Code     8  ferror.o(.text)
    _wcrtomb                                 0x080013b5   Thumb Code    64  _wcrtomb.o(.text)
    __user_setup_stackheap                   0x080013f5   Thumb Code    74  sys_stackheap_outer.o(.text)
    __rt_ctype_table                         0x08001441   Thumb Code    16  rt_ctype_table.o(.text)
    __rt_locale                              0x08001451   Thumb Code     8  rt_locale_intlibspace.o(.text)
    _printf_fp_infnan                        0x08001459   Thumb Code   112  _printf_fp_infnan.o(.text)
    _btod_etento                             0x080014d9   Thumb Code   224  bigflt0.o(.text)
    exit                                     0x080015bd   Thumb Code    18  exit.o(.text)
    __user_libspace                          0x080015d1   Thumb Code     8  libspace.o(.text)
    __user_perproc_libspace                  0x080015d1   Thumb Code     0  libspace.o(.text)
    __user_perthread_libspace                0x080015d1   Thumb Code     0  libspace.o(.text)
    strcmp                                   0x080015d9   Thumb Code   128  strcmpv7m.o(.text)
    _btod_d2e                                0x08001659   Thumb Code    62  btod.o(CL$$btod_d2e)
    _d2e_denorm_low                          0x08001697   Thumb Code    70  btod.o(CL$$btod_d2e_denorm_low)
    _d2e_norm_op1                            0x080016dd   Thumb Code    96  btod.o(CL$$btod_d2e_norm_op1)
    __btod_div_common                        0x0800173d   Thumb Code   696  btod.o(CL$$btod_div_common)
    _e2e                                     0x08001a75   Thumb Code   220  btod.o(CL$$btod_e2e)
    _btod_ediv                               0x08001b51   Thumb Code    42  btod.o(CL$$btod_ediv)
    _btod_emul                               0x08001b7b   Thumb Code    42  btod.o(CL$$btod_emul)
    __btod_mult_common                       0x08001ba5   Thumb Code   580  btod.o(CL$$btod_mult_common)
    AUX_Check                                0x08001de9   Thumb Code    20  lora.o(i.AUX_Check)
    AutoReloadCallback                       0x08001e01   Thumb Code     8  main.o(i.AutoReloadCallback)
    BusFault_Handler                         0x08001e09   Thumb Code     4  stm32f10x_it.o(i.BusFault_Handler)
    Check_LORA_Return_Is_OK                  0x08001e0d   Thumb Code    60  usart3.o(i.Check_LORA_Return_Is_OK)
    DebugMon_Handler                         0x08001e51   Thumb Code     2  stm32f10x_it.o(i.DebugMon_Handler)
    GPIO_Init                                0x08001e53   Thumb Code   278  stm32f10x_gpio.o(i.GPIO_Init)
    GPIO_ReadInputDataBit                    0x08001f69   Thumb Code    18  stm32f10x_gpio.o(i.GPIO_ReadInputDataBit)
    GPIO_ResetBits                           0x08001f7b   Thumb Code     4  stm32f10x_gpio.o(i.GPIO_ResetBits)
    GPIO_SetBits                             0x08001f7f   Thumb Code     4  stm32f10x_gpio.o(i.GPIO_SetBits)
    HardFault_Handler                        0x08001f83   Thumb Code     4  stm32f10x_it.o(i.HardFault_Handler)
    KEY_Scan                                 0x08001f87   Thumb Code     4  key.o(i.KEY_Scan)
    LED_Init                                 0x08001f8d   Thumb Code    50  led.o(i.LED_Init)
    LORA_Check                               0x08001fc5   Thumb Code   128  lora.o(i.LORA_Check)
    LORA_Init                                0x080020c9   Thumb Code    90  lora.o(i.LORA_Init)
    LORA_Set_Mode                            0x08002129   Thumb Code   340  lora.o(i.LORA_Set_Mode)
    MemManage_Handler                        0x0800247d   Thumb Code     4  stm32f10x_it.o(i.MemManage_Handler)
    NMI_Handler                              0x08002481   Thumb Code     2  stm32f10x_it.o(i.NMI_Handler)
    NVIC_Init                                0x08002485   Thumb Code   100  misc.o(i.NVIC_Init)
    NVIC_PriorityGroupConfig                 0x080024f5   Thumb Code    10  misc.o(i.NVIC_PriorityGroupConfig)
    Quer_Cmd                                 0x08002509   Thumb Code    72  lora.o(i.Quer_Cmd)
    RCC_APB1PeriphClockCmd                   0x08002591   Thumb Code    26  stm32f10x_rcc.o(i.RCC_APB1PeriphClockCmd)
    RCC_APB1PeriphResetCmd                   0x080025b1   Thumb Code    26  stm32f10x_rcc.o(i.RCC_APB1PeriphResetCmd)
    RCC_APB2PeriphClockCmd                   0x080025d1   Thumb Code    26  stm32f10x_rcc.o(i.RCC_APB2PeriphClockCmd)
    RCC_APB2PeriphResetCmd                   0x080025f1   Thumb Code    26  stm32f10x_rcc.o(i.RCC_APB2PeriphResetCmd)
    RCC_GetClocksFreq                        0x08002611   Thumb Code   192  stm32f10x_rcc.o(i.RCC_GetClocksFreq)
    Send_Cmd                                 0x080026e5   Thumb Code    72  lora.o(i.Send_Cmd)
    Send_Data                                0x08002769   Thumb Code    74  lora.o(i.Send_Data)
    Set_Time                                 0x0800289d   Thumb Code   160  timer.o(i.Set_Time)
    SysTick_CLKSourceConfig                  0x080029a1   Thumb Code    40  misc.o(i.SysTick_CLKSourceConfig)
    SysTick_Handler                          0x080029c9   Thumb Code    16  delay.o(i.SysTick_Handler)
    SystemInit                               0x080029d9   Thumb Code    78  system_stm32f10x.o(i.SystemInit)
    TIM3_IRQHandler                          0x08002a39   Thumb Code    34  timer.o(i.TIM3_IRQHandler)
    TIM4_IRQHandler                          0x08002a65   Thumb Code   600  timer.o(i.TIM4_IRQHandler)
    TIM4_Int_Init                            0x08002e01   Thumb Code    82  timer.o(i.TIM4_Int_Init)
    TIM_ClearITPendingBit                    0x08002e59   Thumb Code     6  stm32f10x_tim.o(i.TIM_ClearITPendingBit)
    TIM_Cmd                                  0x08002e5f   Thumb Code    24  stm32f10x_tim.o(i.TIM_Cmd)
    TIM_GetITStatus                          0x08002e77   Thumb Code    34  stm32f10x_tim.o(i.TIM_GetITStatus)
    TIM_ITConfig                             0x08002e99   Thumb Code    18  stm32f10x_tim.o(i.TIM_ITConfig)
    TIM_SetCounter                           0x08002eab   Thumb Code     4  stm32f10x_tim.o(i.TIM_SetCounter)
    TIM_TimeBaseInit                         0x08002eb1   Thumb Code   122  stm32f10x_tim.o(i.TIM_TimeBaseInit)
    USART1_IRQHandler                        0x08002f55   Thumb Code   122  usart.o(i.USART1_IRQHandler)
    USART3_IRQHandler                        0x08002fdd   Thumb Code    94  usart3.o(i.USART3_IRQHandler)
    USART_Cmd                                0x0800304d   Thumb Code    24  stm32f10x_usart.o(i.USART_Cmd)
    USART_DeInit                             0x08003065   Thumb Code   134  stm32f10x_usart.o(i.USART_DeInit)
    USART_GetFlagStatus                      0x08003101   Thumb Code    26  stm32f10x_usart.o(i.USART_GetFlagStatus)
    USART_GetITStatus                        0x0800311b   Thumb Code    84  stm32f10x_usart.o(i.USART_GetITStatus)
    USART_ITConfig                           0x0800316f   Thumb Code    74  stm32f10x_usart.o(i.USART_ITConfig)
    USART_Init                               0x080031b9   Thumb Code   210  stm32f10x_usart.o(i.USART_Init)
    USART_ReceiveData                        0x08003291   Thumb Code    10  stm32f10x_usart.o(i.USART_ReceiveData)
    USART_SendData                           0x0800329b   Thumb Code     8  stm32f10x_usart.o(i.USART_SendData)
    UsageFault_Handler                       0x080032a3   Thumb Code     4  stm32f10x_it.o(i.UsageFault_Handler)
    __ARM_fpclassify                         0x080032a7   Thumb Code    40  fpclassify.o(i.__ARM_fpclassify)
    _is_digit                                0x080032cf   Thumb Code    14  __printf_wp.o(i._is_digit)
    _sys_exit                                0x080032dd   Thumb Code     4  usart.o(i._sys_exit)
    delay_init                               0x080032e1   Thumb Code    74  delay.o(i.delay_init)
    delay_ms                                 0x0800333d   Thumb Code    60  delay.o(i.delay_ms)
    delay_us                                 0x0800337d   Thumb Code    68  delay.o(i.delay_us)
    delay_xms                                0x080033c5   Thumb Code    24  delay.o(i.delay_xms)
    fputc                                    0x080033dd   Thumb Code    24  usart.o(i.fputc)
    key_scan_task                            0x080033f9   Thumb Code    82  main.o(i.key_scan_task)
    led0_task                                0x08003451   Thumb Code    50  main.o(i.led0_task)
    main                                     0x08003491   Thumb Code    84  main.o(i.main)
    mem_init                                 0x08003501   Thumb Code    38  malloc.o(i.mem_init)
    mem_perused                              0x0800352d   Thumb Code    42  malloc.o(i.mem_perused)
    mymemset                                 0x0800355d   Thumb Code    20  malloc.o(i.mymemset)
    pvPortMalloc                             0x08004115   Thumb Code   302  heap_4.o(i.pvPortMalloc)
    pxPortInitialiseStack                    0x08004295   Thumb Code    30  port.o(i.pxPortInitialiseStack)
    send_data_task                           0x080042b9   Thumb Code   350  main.o(i.send_data_task)
    start_task                               0x08004529   Thumb Code   156  main.o(i.start_task)
    system_time_increase                     0x08004629   Thumb Code   254  timer.o(i.system_time_increase)
    u3_printf                                0x0800475d   Thumb Code    72  usart3.o(i.u3_printf)
    u3_send_byte                             0x080047ad   Thumb Code    28  usart3.o(i.u3_send_byte)
    uart_init                                0x080047cd   Thumb Code   154  usart.o(i.uart_init)
    usart3_init                              0x08004871   Thumb Code   172  usart3.o(i.usart3_init)
    uxListRemove                             0x08004929   Thumb Code    40  list.o(i.uxListRemove)
    uxTaskResetEventItemValue                0x08004951   Thumb Code    24  tasks.o(i.uxTaskResetEventItemValue)
    vEventGroupSetBitsCallback               0x0800496d   Thumb Code    16  event_groups.o(i.vEventGroupSetBitsCallback)
    vListInitialise                          0x0800497d   Thumb Code    26  list.o(i.vListInitialise)
    vListInitialiseItem                      0x08004997   Thumb Code     6  list.o(i.vListInitialiseItem)
    vListInsert                              0x0800499d   Thumb Code    52  list.o(i.vListInsert)
    vListInsertEnd                           0x080049d1   Thumb Code    24  list.o(i.vListInsertEnd)
    vPortEnterCritical                       0x080049e9   Thumb Code    68  port.o(i.vPortEnterCritical)
    vPortExitCritical                        0x08004a71   Thumb Code    48  port.o(i.vPortExitCritical)
    vPortFree                                0x08004ae1   Thumb Code   130  heap_4.o(i.vPortFree)
    vPortSetupTimerInterrupt                 0x08004ba9   Thumb Code    36  port.o(i.vPortSetupTimerInterrupt)
    vPortValidateInterruptPriority           0x08004bd1   Thumb Code    86  port.o(i.vPortValidateInterruptPriority)
    vQueueAddToRegistry                      0x08004c71   Thumb Code    84  queue.o(i.vQueueAddToRegistry)
    vQueueWaitForMessageRestricted           0x08004ced   Thumb Code    74  queue.o(i.vQueueWaitForMessageRestricted)
    vTaskDelay                               0x08004d39   Thumb Code    72  tasks.o(i.vTaskDelay)
    vTaskDelete                              0x08004dad   Thumb Code   200  tasks.o(i.vTaskDelete)
    vTaskInternalSetTimeOutState             0x08004ec1   Thumb Code    14  tasks.o(i.vTaskInternalSetTimeOutState)
    vTaskMissedYield                         0x08004ed9   Thumb Code     8  tasks.o(i.vTaskMissedYield)
    vTaskPlaceOnEventList                    0x08004ee5   Thumb Code    42  tasks.o(i.vTaskPlaceOnEventList)
    vTaskPlaceOnEventListRestricted          0x08004f39   Thumb Code    84  tasks.o(i.vTaskPlaceOnEventListRestricted)
    vTaskPlaceOnUnorderedEventList           0x08004fb5   Thumb Code   114  tasks.o(i.vTaskPlaceOnUnorderedEventList)
    vTaskRemoveFromUnorderedEventList        0x08005055   Thumb Code   230  tasks.o(i.vTaskRemoveFromUnorderedEventList)
    vTaskStartScheduler                      0x08005175   Thumb Code   112  tasks.o(i.vTaskStartScheduler)
    vTaskSuspendAll                          0x08005229   Thumb Code    12  tasks.o(i.vTaskSuspendAll)
    vTaskSwitchContext                       0x08005239   Thumb Code   110  tasks.o(i.vTaskSwitchContext)
    xEventGroupCreate                        0x080052e1   Thumb Code    26  event_groups.o(i.xEventGroupCreate)
    xEventGroupSetBits                       0x080052fd   Thumb Code   186  event_groups.o(i.xEventGroupSetBits)
    xEventGroupSetBitsFromISR                0x080053e5   Thumb Code    30  event_groups.o(i.xEventGroupSetBitsFromISR)
    xEventGroupWaitBits                      0x08005409   Thumb Code   298  event_groups.o(i.xEventGroupWaitBits)
    xPortStartScheduler                      0x08005565   Thumb Code   240  port.o(i.xPortStartScheduler)
    xPortSysTickHandler                      0x080056a5   Thumb Code    46  port.o(i.xPortSysTickHandler)
    xQueueGenericCreate                      0x080056d9   Thumb Code    92  queue.o(i.xQueueGenericCreate)
    xQueueGenericReset                       0x08005759   Thumb Code   194  queue.o(i.xQueueGenericReset)
    xQueueGenericSend                        0x08005845   Thumb Code   426  queue.o(i.xQueueGenericSend)
    xQueueGenericSendFromISR                 0x08005a19   Thumb Code   270  queue.o(i.xQueueGenericSendFromISR)
    xQueueReceive                            0x08005b4d   Thumb Code   326  queue.o(i.xQueueReceive)
    xTaskCheckForTimeOut                     0x08005cbd   Thumb Code   116  tasks.o(i.xTaskCheckForTimeOut)
    xTaskCreate                              0x08005d5d   Thumb Code    96  tasks.o(i.xTaskCreate)
    xTaskGetSchedulerState                   0x08005dbd   Thumb Code    24  tasks.o(i.xTaskGetSchedulerState)
    xTaskGetTickCount                        0x08005ddd   Thumb Code     6  tasks.o(i.xTaskGetTickCount)
    xTaskIncrementTick                       0x08005de9   Thumb Code   388  tasks.o(i.xTaskIncrementTick)
    xTaskPriorityDisinherit                  0x08005fbd   Thumb Code   206  tasks.o(i.xTaskPriorityDisinherit)
    xTaskRemoveFromEventList                 0x080060bd   Thumb Code   254  tasks.o(i.xTaskRemoveFromEventList)
    xTaskResumeAll                           0x080061f9   Thumb Code   328  tasks.o(i.xTaskResumeAll)
    xTimerCreate                             0x08006389   Thumb Code    54  timers.o(i.xTimerCreate)
    xTimerCreateTimerTask                    0x080063c1   Thumb Code    56  timers.o(i.xTimerCreateTimerTask)
    xTimerGenericCommand                     0x08006435   Thumb Code   118  timers.o(i.xTimerGenericCommand)
    xTimerPendFunctionCallFromISR            0x080064d9   Thumb Code    48  timers.o(i.xTimerPendFunctionCallFromISR)
    _get_lc_numeric                          0x0800650d   Thumb Code    44  lc_numeric_c.o(locale$$code)
    _get_lc_ctype                            0x08006539   Thumb Code    44  lc_ctype_c.o(locale$$code)
    _printf_fp_dec                           0x08006565   Thumb Code     4  printf1.o(x$fpl$printf1)
    _printf_fp_hex                           0x08006569   Thumb Code     4  printf2.o(x$fpl$printf2)
    __I$use$fp                               0x0800656c   Number         0  usenofp.o(x$fpl$usenofp)
    Region$$Table$$Base                      0x0800666c   Number         0  anon$$obj.o(Region$$Table)
    Region$$Table$$Limit                     0x0800668c   Number         0  anon$$obj.o(Region$$Table)
    __ctype                                  0x080066b5   Data           0  lc_ctype_c.o(locale$$data)
    StartTask_Handler                        0x20000000   Data           4  main.o(.data)
    LED0Task_Handler                         0x20000004   Data           4  main.o(.data)
    SEND_DATATask_Handler                    0x20000008   Data           4  main.o(.data)
    KEY_SCANTask_Handler                     0x2000000c   Data           4  main.o(.data)
    AutoReload_Handle                        0x20000010   Data           4  main.o(.data)
    EventGroup_Handler                       0x20000014   Data           4  main.o(.data)
    Send_Data_EventGroup_Handler             0x20000018   Data           4  main.o(.data)
    SystemCoreClock                          0x2000001c   Data           4  system_stm32f10x.o(.data)
    AHBPrescTable                            0x20000020   Data          16  system_stm32f10x.o(.data)
    FreeRTOSRunTimeTicks                     0x20000030   Data           4  timer.o(.data)
    TDATATIME                                0x20000034   Data           8  timer.o(.data)
    Lora_Ok_Flag                             0x2000003c   Data           1  lora.o(.data)
    check_cmd_result                         0x2000003e   Data           1  usart3.o(.data)
    cmd_flag                                 0x2000003f   Data           1  usart3.o(.data)
    USART3_RX_STA                            0x20000040   Data           2  usart3.o(.data)
    ReceiveData_Com                          0x20000042   Data           1  usart3.o(.data)
    str_len                                  0x20000043   Data           1  usart3.o(.data)
    s1                                       0x20000044   Data           1  usart3.o(.data)
    TIM4_EN_COUN                             0x20000045   Data           1  usart3.o(.data)
    TIM4_EN_COUN_NUM                         0x20000046   Data           1  usart3.o(.data)
    __stdout                                 0x2000004c   Data           4  usart.o(.data)
    USART_RX_STA                             0x20000050   Data           2  usart.o(.data)
    mallco_dev                               0x20000068   Data          20  malloc.o(.data)
    pxCurrentTCB                             0x2000007c   Data           4  tasks.o(.data)
    uxTopUsedPriority                        0x200000b4   Data           4  tasks.o(.data)
    now_time                                 0x200000fc   Data          20  timer.o(.bss)
    USART3_RX_BUF                            0x20000110   Data         400  usart3.o(.bss)
    USART3_TX_BUF                            0x200002a0   Data         600  usart3.o(.bss)
    USART_RX_BUF                             0x200004f8   Data         200  usart.o(.bss)
    membase                                  0x200005c0   Data        5120  malloc.o(.bss)
    memmapbase                               0x200019c0   Data         640  malloc.o(.bss)
    xQueueRegistry                           0x20001c40   Data          64  queue.o(.bss)
    __libspace_start                         0x2000478c   Data          96  libspace.o(.bss)
    __temporary_stack_top$libspace           0x200047ec   Data           0  libspace.o(.bss)



==============================================================================

Memory Map of the image

  Image Entry point : 0x080000ed

  Load Region LR_IROM1 (Base: 0x08000000, Size: 0x000068b4, Max: 0x00010000, ABSOLUTE)

    Execution Region ER_IROM1 (Exec base: 0x08000000, Load base: 0x08000000, Size: 0x000067b8, Max: 0x00010000, ABSOLUTE)

    Exec Addr    Load Addr    Size         Type   Attr      Idx    E Section Name        Object

    0x08000000   0x08000000   0x000000ec   Data   RO          706    RESET               startup_stm32f10x_md.o
    0x080000ec   0x080000ec   0x00000008   Code   RO         3189  * !!!main             c_w.l(__main.o)
    0x080000f4   0x080000f4   0x00000034   Code   RO         3463    !!!scatter          c_w.l(__scatter.o)
    0x08000128   0x08000128   0x0000001a   Code   RO         3465    !!handler_copy      c_w.l(__scatter_copy.o)
    0x08000142   0x08000142   0x00000002   PAD
    0x08000144   0x08000144   0x0000001c   Code   RO         3467    !!handler_zi        c_w.l(__scatter_zi.o)
    0x08000160   0x08000160   0x00000000   Code   RO         3170    .ARM.Collect$$_printf_percent$$00000000  c_w.l(_printf_percent.o)
    0x08000160   0x08000160   0x00000006   Code   RO         3221    .ARM.Collect$$_printf_percent$$00000001  c_w.l(_printf_n.o)
    0x08000166   0x08000166   0x00000006   Code   RO         3222    .ARM.Collect$$_printf_percent$$00000002  c_w.l(_printf_p.o)
    0x0800016c   0x0800016c   0x00000006   Code   RO         3225    .ARM.Collect$$_printf_percent$$00000003  c_w.l(_printf_f.o)
    0x08000172   0x08000172   0x00000006   Code   RO         3226    .ARM.Collect$$_printf_percent$$00000004  c_w.l(_printf_e.o)
    0x08000178   0x08000178   0x00000006   Code   RO         3227    .ARM.Collect$$_printf_percent$$00000005  c_w.l(_printf_g.o)
    0x0800017e   0x0800017e   0x00000006   Code   RO         3228    .ARM.Collect$$_printf_percent$$00000006  c_w.l(_printf_a.o)
    0x08000184   0x08000184   0x0000000a   Code   RO         3233    .ARM.Collect$$_printf_percent$$00000007  c_w.l(_printf_ll.o)
    0x0800018e   0x0800018e   0x00000006   Code   RO         3224    .ARM.Collect$$_printf_percent$$00000008  c_w.l(_printf_i.o)
    0x08000194   0x08000194   0x00000006   Code   RO         3168    .ARM.Collect$$_printf_percent$$00000009  c_w.l(_printf_d.o)
    0x0800019a   0x0800019a   0x00000006   Code   RO         3169    .ARM.Collect$$_printf_percent$$0000000A  c_w.l(_printf_u.o)
    0x080001a0   0x080001a0   0x00000006   Code   RO         3223    .ARM.Collect$$_printf_percent$$0000000B  c_w.l(_printf_o.o)
    0x080001a6   0x080001a6   0x00000006   Code   RO         3167    .ARM.Collect$$_printf_percent$$0000000C  c_w.l(_printf_x.o)
    0x080001ac   0x080001ac   0x00000006   Code   RO         3230    .ARM.Collect$$_printf_percent$$0000000D  c_w.l(_printf_lli.o)
    0x080001b2   0x080001b2   0x00000006   Code   RO         3231    .ARM.Collect$$_printf_percent$$0000000E  c_w.l(_printf_lld.o)
    0x080001b8   0x080001b8   0x00000006   Code   RO         3232    .ARM.Collect$$_printf_percent$$0000000F  c_w.l(_printf_llu.o)
    0x080001be   0x080001be   0x00000006   Code   RO         3237    .ARM.Collect$$_printf_percent$$00000010  c_w.l(_printf_llo.o)
    0x080001c4   0x080001c4   0x00000006   Code   RO         3238    .ARM.Collect$$_printf_percent$$00000011  c_w.l(_printf_llx.o)
    0x080001ca   0x080001ca   0x0000000a   Code   RO         3234    .ARM.Collect$$_printf_percent$$00000012  c_w.l(_printf_l.o)
    0x080001d4   0x080001d4   0x00000006   Code   RO         3165    .ARM.Collect$$_printf_percent$$00000013  c_w.l(_printf_c.o)
    0x080001da   0x080001da   0x00000006   Code   RO         3166    .ARM.Collect$$_printf_percent$$00000014  c_w.l(_printf_s.o)
    0x080001e0   0x080001e0   0x00000006   Code   RO         3235    .ARM.Collect$$_printf_percent$$00000015  c_w.l(_printf_lc.o)
    0x080001e6   0x080001e6   0x00000006   Code   RO         3236    .ARM.Collect$$_printf_percent$$00000016  c_w.l(_printf_ls.o)
    0x080001ec   0x080001ec   0x00000004   Code   RO         3229    .ARM.Collect$$_printf_percent$$00000017  c_w.l(_printf_percent_end.o)
    0x080001f0   0x080001f0   0x00000002   Code   RO         3327    .ARM.Collect$$libinit$$00000000  c_w.l(libinit.o)
    0x080001f2   0x080001f2   0x00000000   Code   RO         3344    .ARM.Collect$$libinit$$00000002  c_w.l(libinit2.o)
    0x080001f2   0x080001f2   0x00000000   Code   RO         3346    .ARM.Collect$$libinit$$00000004  c_w.l(libinit2.o)
    0x080001f2   0x080001f2   0x00000000   Code   RO         3349    .ARM.Collect$$libinit$$0000000A  c_w.l(libinit2.o)
    0x080001f2   0x080001f2   0x00000000   Code   RO         3351    .ARM.Collect$$libinit$$0000000C  c_w.l(libinit2.o)
    0x080001f2   0x080001f2   0x00000000   Code   RO         3353    .ARM.Collect$$libinit$$0000000E  c_w.l(libinit2.o)
    0x080001f2   0x080001f2   0x00000006   Code   RO         3354    .ARM.Collect$$libinit$$0000000F  c_w.l(libinit2.o)
    0x080001f8   0x080001f8   0x00000000   Code   RO         3356    .ARM.Collect$$libinit$$00000011  c_w.l(libinit2.o)
    0x080001f8   0x080001f8   0x0000000c   Code   RO         3357    .ARM.Collect$$libinit$$00000012  c_w.l(libinit2.o)
    0x08000204   0x08000204   0x00000000   Code   RO         3358    .ARM.Collect$$libinit$$00000013  c_w.l(libinit2.o)
    0x08000204   0x08000204   0x00000000   Code   RO         3360    .ARM.Collect$$libinit$$00000015  c_w.l(libinit2.o)
    0x08000204   0x08000204   0x0000000a   Code   RO         3361    .ARM.Collect$$libinit$$00000016  c_w.l(libinit2.o)
    0x0800020e   0x0800020e   0x00000000   Code   RO         3362    .ARM.Collect$$libinit$$00000017  c_w.l(libinit2.o)
    0x0800020e   0x0800020e   0x00000000   Code   RO         3364    .ARM.Collect$$libinit$$00000019  c_w.l(libinit2.o)
    0x0800020e   0x0800020e   0x00000000   Code   RO         3366    .ARM.Collect$$libinit$$0000001B  c_w.l(libinit2.o)
    0x0800020e   0x0800020e   0x00000000   Code   RO         3368    .ARM.Collect$$libinit$$0000001D  c_w.l(libinit2.o)
    0x0800020e   0x0800020e   0x00000000   Code   RO         3370    .ARM.Collect$$libinit$$0000001F  c_w.l(libinit2.o)
    0x0800020e   0x0800020e   0x00000000   Code   RO         3372    .ARM.Collect$$libinit$$00000021  c_w.l(libinit2.o)
    0x0800020e   0x0800020e   0x00000000   Code   RO         3374    .ARM.Collect$$libinit$$00000023  c_w.l(libinit2.o)
    0x0800020e   0x0800020e   0x00000000   Code   RO         3376    .ARM.Collect$$libinit$$00000025  c_w.l(libinit2.o)
    0x0800020e   0x0800020e   0x00000000   Code   RO         3380    .ARM.Collect$$libinit$$0000002C  c_w.l(libinit2.o)
    0x0800020e   0x0800020e   0x00000000   Code   RO         3382    .ARM.Collect$$libinit$$0000002E  c_w.l(libinit2.o)
    0x0800020e   0x0800020e   0x00000000   Code   RO         3384    .ARM.Collect$$libinit$$00000030  c_w.l(libinit2.o)
    0x0800020e   0x0800020e   0x00000000   Code   RO         3386    .ARM.Collect$$libinit$$00000032  c_w.l(libinit2.o)
    0x0800020e   0x0800020e   0x00000002   Code   RO         3387    .ARM.Collect$$libinit$$00000033  c_w.l(libinit2.o)
    0x08000210   0x08000210   0x00000002   Code   RO         3405    .ARM.Collect$$libshutdown$$00000000  c_w.l(libshutdown.o)
    0x08000212   0x08000212   0x00000000   Code   RO         3415    .ARM.Collect$$libshutdown$$00000002  c_w.l(libshutdown2.o)
    0x08000212   0x08000212   0x00000000   Code   RO         3417    .ARM.Collect$$libshutdown$$00000004  c_w.l(libshutdown2.o)
    0x08000212   0x08000212   0x00000000   Code   RO         3420    .ARM.Collect$$libshutdown$$00000007  c_w.l(libshutdown2.o)
    0x08000212   0x08000212   0x00000000   Code   RO         3423    .ARM.Collect$$libshutdown$$0000000A  c_w.l(libshutdown2.o)
    0x08000212   0x08000212   0x00000000   Code   RO         3425    .ARM.Collect$$libshutdown$$0000000C  c_w.l(libshutdown2.o)
    0x08000212   0x08000212   0x00000000   Code   RO         3428    .ARM.Collect$$libshutdown$$0000000F  c_w.l(libshutdown2.o)
    0x08000212   0x08000212   0x00000002   Code   RO         3429    .ARM.Collect$$libshutdown$$00000010  c_w.l(libshutdown2.o)
    0x08000214   0x08000214   0x00000000   Code   RO         3193    .ARM.Collect$$rtentry$$00000000  c_w.l(__rtentry.o)
    0x08000214   0x08000214   0x00000000   Code   RO         3250    .ARM.Collect$$rtentry$$00000002  c_w.l(__rtentry2.o)
    0x08000214   0x08000214   0x00000006   Code   RO         3262    .ARM.Collect$$rtentry$$00000004  c_w.l(__rtentry4.o)
    0x0800021a   0x0800021a   0x00000000   Code   RO         3252    .ARM.Collect$$rtentry$$00000009  c_w.l(__rtentry2.o)
    0x0800021a   0x0800021a   0x00000004   Code   RO         3253    .ARM.Collect$$rtentry$$0000000A  c_w.l(__rtentry2.o)
    0x0800021e   0x0800021e   0x00000000   Code   RO         3255    .ARM.Collect$$rtentry$$0000000C  c_w.l(__rtentry2.o)
    0x0800021e   0x0800021e   0x00000008   Code   RO         3256    .ARM.Collect$$rtentry$$0000000D  c_w.l(__rtentry2.o)
    0x08000226   0x08000226   0x00000002   Code   RO         3336    .ARM.Collect$$rtexit$$00000000  c_w.l(rtexit.o)
    0x08000228   0x08000228   0x00000000   Code   RO         3389    .ARM.Collect$$rtexit$$00000002  c_w.l(rtexit2.o)
    0x08000228   0x08000228   0x00000004   Code   RO         3390    .ARM.Collect$$rtexit$$00000003  c_w.l(rtexit2.o)
    0x0800022c   0x0800022c   0x00000006   Code   RO         3391    .ARM.Collect$$rtexit$$00000004  c_w.l(rtexit2.o)
    0x08000232   0x08000232   0x00000002   PAD
    0x08000234   0x08000234   0x00000096   Code   RO         3027    .emb_text           port.o
    0x080002ca   0x080002ca   0x00000002   PAD
    0x080002cc   0x080002cc   0x00000040   Code   RO          707    .text               startup_stm32f10x_md.o
    0x0800030c   0x0800030c   0x00000002   Code   RO         3106    .text               c_w.l(use_no_semi_2.o)
    0x0800030e   0x0800030e   0x00000002   PAD
    0x08000310   0x08000310   0x00000024   Code   RO         3108    .text               c_w.l(vsprintf.o)
    0x08000334   0x08000334   0x00000018   Code   RO         3110    .text               c_w.l(__2printf.o)
    0x0800034c   0x0800034c   0x0000002c   Code   RO         3112    .text               c_w.l(__2sprintf.o)
    0x08000378   0x08000378   0x00000052   Code   RO         3120    .text               c_w.l(_printf_str.o)
    0x080003ca   0x080003ca   0x00000002   PAD
    0x080003cc   0x080003cc   0x00000078   Code   RO         3122    .text               c_w.l(_printf_dec.o)
    0x08000444   0x08000444   0x00000094   Code   RO         3142    .text               c_w.l(_printf_hex_int_ll_ptr.o)
    0x080004d8   0x080004d8   0x00000188   Code   RO         3162    .text               c_w.l(__printf_flags_ss_wp.o)
    0x08000660   0x08000660   0x00000024   Code   RO         3171    .text               c_w.l(strstr.o)
    0x08000684   0x08000684   0x0000003e   Code   RO         3175    .text               c_w.l(strlen.o)
    0x080006c2   0x080006c2   0x0000008a   Code   RO         3177    .text               c_w.l(rt_memcpy_v6.o)
    0x0800074c   0x0800074c   0x00000010   Code   RO         3181    .text               c_w.l(aeabi_memset.o)
    0x0800075c   0x0800075c   0x00000044   Code   RO         3183    .text               c_w.l(rt_memclr.o)
    0x080007a0   0x080007a0   0x0000004e   Code   RO         3185    .text               c_w.l(rt_memclr_w.o)
    0x080007ee   0x080007ee   0x00000006   Code   RO         3187    .text               c_w.l(heapauxi.o)
    0x080007f4   0x080007f4   0x00000002   Code   RO         3191    .text               c_w.l(use_no_semi.o)
    0x080007f6   0x080007f6   0x0000004e   Code   RO         3194    .text               c_w.l(_printf_pad.o)
    0x08000844   0x08000844   0x00000024   Code   RO         3196    .text               c_w.l(_printf_truncate.o)
    0x08000868   0x08000868   0x000000b2   Code   RO         3198    .text               c_w.l(_printf_intcommon.o)
    0x0800091a   0x0800091a   0x00000028   Code   RO         3200    .text               c_w.l(_printf_charcount.o)
    0x08000942   0x08000942   0x00000002   PAD
    0x08000944   0x08000944   0x00000030   Code   RO         3202    .text               c_w.l(_printf_char_common.o)
    0x08000974   0x08000974   0x0000000a   Code   RO         3204    .text               c_w.l(_sputc.o)
    0x0800097e   0x0800097e   0x0000002c   Code   RO         3206    .text               c_w.l(_printf_char.o)
    0x080009aa   0x080009aa   0x00000002   PAD
    0x080009ac   0x080009ac   0x00000024   Code   RO         3208    .text               c_w.l(_printf_char_file.o)
    0x080009d0   0x080009d0   0x000000bc   Code   RO         3210    .text               c_w.l(_printf_wctomb.o)
    0x08000a8c   0x08000a8c   0x0000007c   Code   RO         3213    .text               c_w.l(_printf_longlong_dec.o)
    0x08000b08   0x08000b08   0x00000070   Code   RO         3219    .text               c_w.l(_printf_oct_int_ll.o)
    0x08000b78   0x08000b78   0x00000064   Code   RO         3239    .text               c_w.l(rt_memcpy_w.o)
    0x08000bdc   0x08000bdc   0x0000008a   Code   RO         3264    .text               c_w.l(lludiv10.o)
    0x08000c66   0x08000c66   0x0000041e   Code   RO         3266    .text               c_w.l(_printf_fp_dec.o)
    0x08001084   0x08001084   0x000002fc   Code   RO         3268    .text               c_w.l(_printf_fp_hex.o)
    0x08001380   0x08001380   0x0000002c   Code   RO         3273    .text               c_w.l(_printf_wchar.o)
    0x080013ac   0x080013ac   0x00000008   Code   RO         3275    .text               c_w.l(ferror.o)
    0x080013b4   0x080013b4   0x00000040   Code   RO         3279    .text               c_w.l(_wcrtomb.o)
    0x080013f4   0x080013f4   0x0000004a   Code   RO         3281    .text               c_w.l(sys_stackheap_outer.o)
    0x0800143e   0x0800143e   0x00000002   PAD
    0x08001440   0x08001440   0x00000010   Code   RO         3283    .text               c_w.l(rt_ctype_table.o)
    0x08001450   0x08001450   0x00000008   Code   RO         3288    .text               c_w.l(rt_locale_intlibspace.o)
    0x08001458   0x08001458   0x00000080   Code   RO         3290    .text               c_w.l(_printf_fp_infnan.o)
    0x080014d8   0x080014d8   0x000000e4   Code   RO         3292    .text               c_w.l(bigflt0.o)
    0x080015bc   0x080015bc   0x00000012   Code   RO         3320    .text               c_w.l(exit.o)
    0x080015ce   0x080015ce   0x00000002   PAD
    0x080015d0   0x080015d0   0x00000008   Code   RO         3333    .text               c_w.l(libspace.o)
    0x080015d8   0x080015d8   0x00000080   Code   RO         3341    .text               c_w.l(strcmpv7m.o)
    0x08001658   0x08001658   0x0000003e   Code   RO         3295    CL$$btod_d2e        c_w.l(btod.o)
    0x08001696   0x08001696   0x00000046   Code   RO         3297    CL$$btod_d2e_denorm_low  c_w.l(btod.o)
    0x080016dc   0x080016dc   0x00000060   Code   RO         3296    CL$$btod_d2e_norm_op1  c_w.l(btod.o)
    0x0800173c   0x0800173c   0x00000338   Code   RO         3305    CL$$btod_div_common  c_w.l(btod.o)
    0x08001a74   0x08001a74   0x000000dc   Code   RO         3302    CL$$btod_e2e        c_w.l(btod.o)
    0x08001b50   0x08001b50   0x0000002a   Code   RO         3299    CL$$btod_ediv       c_w.l(btod.o)
    0x08001b7a   0x08001b7a   0x0000002a   Code   RO         3298    CL$$btod_emul       c_w.l(btod.o)
    0x08001ba4   0x08001ba4   0x00000244   Code   RO         3304    CL$$btod_mult_common  c_w.l(btod.o)
    0x08001de8   0x08001de8   0x00000018   Code   RO          409    i.AUX_Check         lora.o
    0x08001e00   0x08001e00   0x00000008   Code   RO            1    i.AutoReloadCallback  main.o
    0x08001e08   0x08001e08   0x00000004   Code   RO          218    i.BusFault_Handler  stm32f10x_it.o
    0x08001e0c   0x08001e0c   0x00000044   Code   RO          483    i.Check_LORA_Return_Is_OK  usart3.o
    0x08001e50   0x08001e50   0x00000002   Code   RO          219    i.DebugMon_Handler  stm32f10x_it.o
    0x08001e52   0x08001e52   0x00000116   Code   RO          717    i.GPIO_Init         stm32f10x_gpio.o
    0x08001f68   0x08001f68   0x00000012   Code   RO          721    i.GPIO_ReadInputDataBit  stm32f10x_gpio.o
    0x08001f7a   0x08001f7a   0x00000004   Code   RO          724    i.GPIO_ResetBits    stm32f10x_gpio.o
    0x08001f7e   0x08001f7e   0x00000004   Code   RO          725    i.GPIO_SetBits      stm32f10x_gpio.o
    0x08001f82   0x08001f82   0x00000004   Code   RO          220    i.HardFault_Handler  stm32f10x_it.o
    0x08001f86   0x08001f86   0x00000004   Code   RO          392    i.KEY_Scan          key.o
    0x08001f8a   0x08001f8a   0x00000002   PAD
    0x08001f8c   0x08001f8c   0x00000038   Code   RO          323    i.LED_Init          led.o
    0x08001fc4   0x08001fc4   0x00000104   Code   RO          410    i.LORA_Check        lora.o
    0x080020c8   0x080020c8   0x00000060   Code   RO          411    i.LORA_Init         lora.o
    0x08002128   0x08002128   0x00000354   Code   RO          412    i.LORA_Set_Mode     lora.o
    0x0800247c   0x0800247c   0x00000004   Code   RO          221    i.MemManage_Handler  stm32f10x_it.o
    0x08002480   0x08002480   0x00000002   Code   RO          222    i.NMI_Handler       stm32f10x_it.o
    0x08002482   0x08002482   0x00000002   PAD
    0x08002484   0x08002484   0x00000070   Code   RO         1205    i.NVIC_Init         misc.o
    0x080024f4   0x080024f4   0x00000014   Code   RO         1206    i.NVIC_PriorityGroupConfig  misc.o
    0x08002508   0x08002508   0x00000088   Code   RO          413    i.Quer_Cmd          lora.o
    0x08002590   0x08002590   0x00000020   Code   RO          827    i.RCC_APB1PeriphClockCmd  stm32f10x_rcc.o
    0x080025b0   0x080025b0   0x00000020   Code   RO          828    i.RCC_APB1PeriphResetCmd  stm32f10x_rcc.o
    0x080025d0   0x080025d0   0x00000020   Code   RO          829    i.RCC_APB2PeriphClockCmd  stm32f10x_rcc.o
    0x080025f0   0x080025f0   0x00000020   Code   RO          830    i.RCC_APB2PeriphResetCmd  stm32f10x_rcc.o
    0x08002610   0x08002610   0x000000d4   Code   RO          837    i.RCC_GetClocksFreq  stm32f10x_rcc.o
    0x080026e4   0x080026e4   0x00000084   Code   RO          415    i.Send_Cmd          lora.o
    0x08002768   0x08002768   0x0000004a   Code   RO          416    i.Send_Data         lora.o
    0x080027b2   0x080027b2   0x00000008   Code   RO          289    i.SetSysClock       system_stm32f10x.o
    0x080027ba   0x080027ba   0x00000002   PAD
    0x080027bc   0x080027bc   0x000000e0   Code   RO          290    i.SetSysClockTo72   system_stm32f10x.o
    0x0800289c   0x0800289c   0x00000104   Code   RO          336    i.Set_Time          timer.o
    0x080029a0   0x080029a0   0x00000028   Code   RO         1209    i.SysTick_CLKSourceConfig  misc.o
    0x080029c8   0x080029c8   0x00000010   Code   RO          558    i.SysTick_Handler   delay.o
    0x080029d8   0x080029d8   0x00000060   Code   RO          292    i.SystemInit        system_stm32f10x.o
    0x08002a38   0x08002a38   0x0000002c   Code   RO          337    i.TIM3_IRQHandler   timer.o
    0x08002a64   0x08002a64   0x0000039c   Code   RO          339    i.TIM4_IRQHandler   timer.o
    0x08002e00   0x08002e00   0x00000058   Code   RO          340    i.TIM4_Int_Init     timer.o
    0x08002e58   0x08002e58   0x00000006   Code   RO         1252    i.TIM_ClearITPendingBit  stm32f10x_tim.o
    0x08002e5e   0x08002e5e   0x00000018   Code   RO         1257    i.TIM_Cmd           stm32f10x_tim.o
    0x08002e76   0x08002e76   0x00000022   Code   RO         1278    i.TIM_GetITStatus   stm32f10x_tim.o
    0x08002e98   0x08002e98   0x00000012   Code   RO         1282    i.TIM_ITConfig      stm32f10x_tim.o
    0x08002eaa   0x08002eaa   0x00000004   Code   RO         1322    i.TIM_SetCounter    stm32f10x_tim.o
    0x08002eae   0x08002eae   0x00000002   PAD
    0x08002eb0   0x08002eb0   0x000000a4   Code   RO         1328    i.TIM_TimeBaseInit  stm32f10x_tim.o
    0x08002f54   0x08002f54   0x00000088   Code   RO          638    i.USART1_IRQHandler  usart.o
    0x08002fdc   0x08002fdc   0x00000070   Code   RO          484    i.USART3_IRQHandler  usart3.o
    0x0800304c   0x0800304c   0x00000018   Code   RO         1029    i.USART_Cmd         stm32f10x_usart.o
    0x08003064   0x08003064   0x0000009c   Code   RO         1031    i.USART_DeInit      stm32f10x_usart.o
    0x08003100   0x08003100   0x0000001a   Code   RO         1032    i.USART_GetFlagStatus  stm32f10x_usart.o
    0x0800311a   0x0800311a   0x00000054   Code   RO         1033    i.USART_GetITStatus  stm32f10x_usart.o
    0x0800316e   0x0800316e   0x0000004a   Code   RO         1035    i.USART_ITConfig    stm32f10x_usart.o
    0x080031b8   0x080031b8   0x000000d8   Code   RO         1036    i.USART_Init        stm32f10x_usart.o
    0x08003290   0x08003290   0x0000000a   Code   RO         1043    i.USART_ReceiveData  stm32f10x_usart.o
    0x0800329a   0x0800329a   0x00000008   Code   RO         1046    i.USART_SendData    stm32f10x_usart.o
    0x080032a2   0x080032a2   0x00000004   Code   RO          223    i.UsageFault_Handler  stm32f10x_it.o
    0x080032a6   0x080032a6   0x00000028   Code   RO         3331    i.__ARM_fpclassify  m_ws.l(fpclassify.o)
    0x080032ce   0x080032ce   0x0000000e   Code   RO         3155    i._is_digit         c_w.l(__printf_wp.o)
    0x080032dc   0x080032dc   0x00000004   Code   RO          639    i._sys_exit         usart.o
    0x080032e0   0x080032e0   0x0000005c   Code   RO          559    i.delay_init        delay.o
    0x0800333c   0x0800333c   0x00000040   Code   RO          560    i.delay_ms          delay.o
    0x0800337c   0x0800337c   0x00000048   Code   RO          561    i.delay_us          delay.o
    0x080033c4   0x080033c4   0x00000018   Code   RO          562    i.delay_xms         delay.o
    0x080033dc   0x080033dc   0x0000001c   Code   RO          640    i.fputc             usart.o
    0x080033f8   0x080033f8   0x00000058   Code   RO            2    i.key_scan_task     main.o
    0x08003450   0x08003450   0x00000040   Code   RO            3    i.led0_task         main.o
    0x08003490   0x08003490   0x00000070   Code   RO            4    i.main              main.o
    0x08003500   0x08003500   0x0000002c   Code   RO         1790    i.mem_init          malloc.o
    0x0800352c   0x0800352c   0x00000030   Code   RO         1792    i.mem_perused       malloc.o
    0x0800355c   0x0800355c   0x00000014   Code   RO         1796    i.mymemset          malloc.o
    0x08003570   0x08003570   0x000000c0   Code   RO         2426    i.prvAddCurrentTaskToDelayedList  tasks.o
    0x08003630   0x08003630   0x000000ec   Code   RO         2427    i.prvAddNewTaskToReadyList  tasks.o
    0x0800371c   0x0800371c   0x00000064   Code   RO         2810    i.prvCheckForValidListAndQueue  timers.o
    0x08003780   0x08003780   0x00000048   Code   RO         2428    i.prvCheckTasksWaitingTermination  tasks.o
    0x080037c8   0x080037c8   0x0000002a   Code   RO         2023    i.prvCopyDataFromQueue  queue.o
    0x080037f2   0x080037f2   0x0000007e   Code   RO         2024    i.prvCopyDataToQueue  queue.o
    0x08003870   0x08003870   0x00000012   Code   RO         2429    i.prvDeleteTCB      tasks.o
    0x08003882   0x08003882   0x00000002   PAD
    0x08003884   0x08003884   0x00000028   Code   RO         2811    i.prvGetNextExpireTime  timers.o
    0x080038ac   0x080038ac   0x0000007c   Code   RO         2972    i.prvHeapInit       heap_4.o
    0x08003928   0x08003928   0x00000028   Code   RO         2430    i.prvIdleTask       tasks.o
    0x08003950   0x08003950   0x0000002e   Code   RO         2027    i.prvInitialiseNewQueue  queue.o
    0x0800397e   0x0800397e   0x00000002   PAD
    0x08003980   0x08003980   0x000000f0   Code   RO         2431    i.prvInitialiseNewTask  tasks.o
    0x08003a70   0x08003a70   0x00000078   Code   RO         2812    i.prvInitialiseNewTimer  timers.o
    0x08003ae8   0x08003ae8   0x00000068   Code   RO         2432    i.prvInitialiseTaskLists  tasks.o
    0x08003b50   0x08003b50   0x00000068   Code   RO         2973    i.prvInsertBlockIntoFreeList  heap_4.o
    0x08003bb8   0x08003bb8   0x00000058   Code   RO         2813    i.prvInsertTimerInActiveList  timers.o
    0x08003c10   0x08003c10   0x0000001a   Code   RO         2028    i.prvIsQueueEmpty   queue.o
    0x08003c2a   0x08003c2a   0x0000001e   Code   RO         2029    i.prvIsQueueFull    queue.o
    0x08003c48   0x08003c48   0x000000b4   Code   RO         2030    i.prvNotifyQueueSetContainer  queue.o
    0x08003cfc   0x08003cfc   0x00000044   Code   RO         2814    i.prvProcessExpiredTimer  timers.o
    0x08003d40   0x08003d40   0x00000160   Code   RO         2815    i.prvProcessReceivedCommands  timers.o
    0x08003ea0   0x08003ea0   0x00000074   Code   RO         2816    i.prvProcessTimerOrBlockTask  timers.o
    0x08003f14   0x08003f14   0x00000028   Code   RO         2817    i.prvReloadTimer    timers.o
    0x08003f3c   0x08003f3c   0x00000030   Code   RO         2434    i.prvResetNextTaskUnblockTime  tasks.o
    0x08003f6c   0x08003f6c   0x0000002c   Code   RO         2818    i.prvSampleTimeNow  timers.o
    0x08003f98   0x08003f98   0x00000044   Code   RO         2819    i.prvSwitchTimerLists  timers.o
    0x08003fdc   0x08003fdc   0x00000070   Code   RO         3028    i.prvTaskExitError  port.o
    0x0800404c   0x0800404c   0x0000001e   Code   RO         1866    i.prvTestWaitCondition  event_groups.o
    0x0800406a   0x0800406a   0x0000001a   Code   RO         2820    i.prvTimerTask      timers.o
    0x08004084   0x08004084   0x00000090   Code   RO         2031    i.prvUnlockQueue    queue.o
    0x08004114   0x08004114   0x00000180   Code   RO         2974    i.pvPortMalloc      heap_4.o
    0x08004294   0x08004294   0x00000024   Code   RO         3029    i.pxPortInitialiseStack  port.o
    0x080042b8   0x080042b8   0x00000270   Code   RO            5    i.send_data_task    main.o
    0x08004528   0x08004528   0x00000100   Code   RO            6    i.start_task        main.o
    0x08004628   0x08004628   0x00000134   Code   RO          341    i.system_time_increase  timer.o
    0x0800475c   0x0800475c   0x00000050   Code   RO          487    i.u3_printf         usart3.o
    0x080047ac   0x080047ac   0x00000020   Code   RO          488    i.u3_send_byte      usart3.o
    0x080047cc   0x080047cc   0x000000a4   Code   RO          642    i.uart_init         usart.o
    0x08004870   0x08004870   0x000000b8   Code   RO          489    i.usart3_init       usart3.o
    0x08004928   0x08004928   0x00000028   Code   RO         1983    i.uxListRemove      list.o
    0x08004950   0x08004950   0x0000001c   Code   RO         2446    i.uxTaskResetEventItemValue  tasks.o
    0x0800496c   0x0800496c   0x00000010   Code   RO         1870    i.vEventGroupSetBitsCallback  event_groups.o
    0x0800497c   0x0800497c   0x0000001a   Code   RO         1984    i.vListInitialise   list.o
    0x08004996   0x08004996   0x00000006   Code   RO         1985    i.vListInitialiseItem  list.o
    0x0800499c   0x0800499c   0x00000034   Code   RO         1986    i.vListInsert       list.o
    0x080049d0   0x080049d0   0x00000018   Code   RO         1987    i.vListInsertEnd    list.o
    0x080049e8   0x080049e8   0x00000088   Code   RO         3031    i.vPortEnterCritical  port.o
    0x08004a70   0x08004a70   0x00000070   Code   RO         3032    i.vPortExitCritical  port.o
    0x08004ae0   0x08004ae0   0x000000c8   Code   RO         2975    i.vPortFree         heap_4.o
    0x08004ba8   0x08004ba8   0x00000028   Code   RO         3033    i.vPortSetupTimerInterrupt  port.o
    0x08004bd0   0x08004bd0   0x000000a0   Code   RO         3034    i.vPortValidateInterruptPriority  port.o
    0x08004c70   0x08004c70   0x0000007c   Code   RO         2037    i.vQueueAddToRegistry  queue.o
    0x08004cec   0x08004cec   0x0000004a   Code   RO         2041    i.vQueueWaitForMessageRestricted  queue.o
    0x08004d36   0x08004d36   0x00000002   PAD
    0x08004d38   0x08004d38   0x00000074   Code   RO         2447    i.vTaskDelay        tasks.o
    0x08004dac   0x08004dac   0x00000114   Code   RO         2448    i.vTaskDelete       tasks.o
    0x08004ec0   0x08004ec0   0x00000018   Code   RO         2452    i.vTaskInternalSetTimeOutState  tasks.o
    0x08004ed8   0x08004ed8   0x0000000c   Code   RO         2454    i.vTaskMissedYield  tasks.o
    0x08004ee4   0x08004ee4   0x00000054   Code   RO         2455    i.vTaskPlaceOnEventList  tasks.o
    0x08004f38   0x08004f38   0x0000007c   Code   RO         2456    i.vTaskPlaceOnEventListRestricted  tasks.o
    0x08004fb4   0x08004fb4   0x000000a0   Code   RO         2457    i.vTaskPlaceOnUnorderedEventList  tasks.o
    0x08005054   0x08005054   0x00000120   Code   RO         2460    i.vTaskRemoveFromUnorderedEventList  tasks.o
    0x08005174   0x08005174   0x000000b4   Code   RO         2464    i.vTaskStartScheduler  tasks.o
    0x08005228   0x08005228   0x00000010   Code   RO         2466    i.vTaskSuspendAll   tasks.o
    0x08005238   0x08005238   0x000000a8   Code   RO         2467    i.vTaskSwitchContext  tasks.o
    0x080052e0   0x080052e0   0x0000001a   Code   RO         1874    i.xEventGroupCreate  event_groups.o
    0x080052fa   0x080052fa   0x00000002   PAD
    0x080052fc   0x080052fc   0x000000e8   Code   RO         1876    i.xEventGroupSetBits  event_groups.o
    0x080053e4   0x080053e4   0x00000024   Code   RO         1877    i.xEventGroupSetBitsFromISR  event_groups.o
    0x08005408   0x08005408   0x0000015c   Code   RO         1879    i.xEventGroupWaitBits  event_groups.o
    0x08005564   0x08005564   0x00000140   Code   RO         3035    i.xPortStartScheduler  port.o
    0x080056a4   0x080056a4   0x00000034   Code   RO         3036    i.xPortSysTickHandler  port.o
    0x080056d8   0x080056d8   0x00000080   Code   RO         2046    i.xQueueGenericCreate  queue.o
    0x08005758   0x08005758   0x000000ec   Code   RO         2047    i.xQueueGenericReset  queue.o
    0x08005844   0x08005844   0x000001d4   Code   RO         2048    i.xQueueGenericSend  queue.o
    0x08005a18   0x08005a18   0x00000134   Code   RO         2049    i.xQueueGenericSendFromISR  queue.o
    0x08005b4c   0x08005b4c   0x00000170   Code   RO         2056    i.xQueueReceive     queue.o
    0x08005cbc   0x08005cbc   0x000000a0   Code   RO         2469    i.xTaskCheckForTimeOut  tasks.o
    0x08005d5c   0x08005d5c   0x00000060   Code   RO         2470    i.xTaskCreate       tasks.o
    0x08005dbc   0x08005dbc   0x00000020   Code   RO         2477    i.xTaskGetSchedulerState  tasks.o
    0x08005ddc   0x08005ddc   0x0000000c   Code   RO         2478    i.xTaskGetTickCount  tasks.o
    0x08005de8   0x08005de8   0x000001d4   Code   RO         2480    i.xTaskIncrementTick  tasks.o
    0x08005fbc   0x08005fbc   0x00000100   Code   RO         2481    i.xTaskPriorityDisinherit  tasks.o
    0x080060bc   0x080060bc   0x0000013c   Code   RO         2483    i.xTaskRemoveFromEventList  tasks.o
    0x080061f8   0x080061f8   0x00000190   Code   RO         2484    i.xTaskResumeAll    tasks.o
    0x08006388   0x08006388   0x00000036   Code   RO         2827    i.xTimerCreate      timers.o
    0x080063be   0x080063be   0x00000002   PAD
    0x080063c0   0x080063c0   0x00000074   Code   RO         2828    i.xTimerCreateTimerTask  timers.o
    0x08006434   0x08006434   0x000000a4   Code   RO         2829    i.xTimerGenericCommand  timers.o
    0x080064d8   0x080064d8   0x00000034   Code   RO         2835    i.xTimerPendFunctionCallFromISR  timers.o
    0x0800650c   0x0800650c   0x0000002c   Code   RO         3318    locale$$code        c_w.l(lc_numeric_c.o)
    0x08006538   0x08006538   0x0000002c   Code   RO         3339    locale$$code        c_w.l(lc_ctype_c.o)
    0x08006564   0x08006564   0x00000004   Code   RO         3241    x$fpl$printf1       fz_ws.l(printf1.o)
    0x08006568   0x08006568   0x00000004   Code   RO         3243    x$fpl$printf2       fz_ws.l(printf2.o)
    0x0800656c   0x0800656c   0x00000000   Code   RO         3330    x$fpl$usenofp       fz_ws.l(usenofp.o)
    0x0800656c   0x0800656c   0x00000028   Data   RO         3143    .constdata          c_w.l(_printf_hex_int_ll_ptr.o)
    0x08006594   0x08006594   0x00000011   Data   RO         3163    .constdata          c_w.l(__printf_flags_ss_wp.o)
    0x080065a5   0x080065a5   0x00000003   PAD
    0x080065a8   0x080065a8   0x00000008   Data   RO         3211    .constdata          c_w.l(_printf_wctomb.o)
    0x080065b0   0x080065b0   0x00000026   Data   RO         3269    .constdata          c_w.l(_printf_fp_hex.o)
    0x080065d6   0x080065d6   0x00000002   PAD
    0x080065d8   0x080065d8   0x00000094   Data   RO         3293    .constdata          c_w.l(bigflt0.o)
    0x0800666c   0x0800666c   0x00000020   Data   RO         3461    Region$$Table       anon$$obj.o
    0x0800668c   0x0800668c   0x0000001c   Data   RO         3317    locale$$data        c_w.l(lc_numeric_c.o)
    0x080066a8   0x080066a8   0x00000110   Data   RO         3338    locale$$data        c_w.l(lc_ctype_c.o)


    Execution Region RW_IRAM1 (Exec base: 0x20000000, Load base: 0x080067b8, Size: 0x00004df0, Max: 0x00005000, ABSOLUTE)

    Exec Addr    Load Addr    Size         Type   Attr      Idx    E Section Name        Object

    0x20000000   0x080067b8   0x0000001c   Data   RW            7    .data               main.o
    0x2000001c   0x080067d4   0x00000014   Data   RW          293    .data               system_stm32f10x.o
    0x20000030   0x080067e8   0x0000000c   Data   RW          343    .data               timer.o
    0x2000003c   0x080067f4   0x00000001   Data   RW          419    .data               lora.o
    0x2000003d   0x080067f5   0x00000001   PAD
    0x2000003e   0x080067f6   0x00000009   Data   RW          491    .data               usart3.o
    0x20000047   0x080067ff   0x00000001   PAD
    0x20000048   0x08006800   0x00000004   Data   RW          563    .data               delay.o
    0x2000004c   0x08006804   0x00000006   Data   RW          644    .data               usart.o
    0x20000052   0x0800680a   0x00000014   Data   RW          857    .data               stm32f10x_rcc.o
    0x20000066   0x0800681e   0x00000002   PAD
    0x20000068   0x08006820   0x00000014   Data   RW         1800    .data               malloc.o
    0x2000007c   0x08006834   0x00000040   Data   RW         2487    .data               tasks.o
    0x200000bc   0x08006874   0x00000014   Data   RW         2837    .data               timers.o
    0x200000d0   0x08006888   0x00000020   Data   RW         2981    .data               heap_4.o
    0x200000f0   0x080068a8   0x0000000c   Data   RW         3037    .data               port.o
    0x200000fc        -       0x00000014   Zero   RW          342    .bss                timer.o
    0x20000110        -       0x000003e8   Zero   RW          490    .bss                usart3.o
    0x200004f8        -       0x000000c8   Zero   RW          643    .bss                usart.o
    0x200005c0        -       0x00001680   Zero   RW         1798    .bss                malloc.o
    0x20001c40        -       0x00000040   Zero   RW         2063    .bss                queue.o
    0x20001c80        -       0x000002e4   Zero   RW         2486    .bss                tasks.o
    0x20001f64        -       0x00000028   Zero   RW         2836    .bss                timers.o
    0x20001f8c        -       0x00002800   Zero   RW         2980    .bss                heap_4.o
    0x2000478c        -       0x00000060   Zero   RW         3334    .bss                c_w.l(libspace.o)
    0x200047ec   0x080068b4   0x00000004   PAD
    0x200047f0        -       0x00000200   Zero   RW          705    HEAP                startup_stm32f10x_md.o
    0x200049f0        -       0x00000400   Zero   RW          704    STACK               startup_stm32f10x_md.o


==============================================================================

Image component sizes


      Code (inc. data)   RO Data    RW Data    ZI Data      Debug   Object Name

       268         26          0          4          0       2849   delay.o
       688        102          0          0          0      20652   event_groups.o
       812        186          0         32      10240       3967   heap_4.o
         4          0          0          0          0        439   key.o
        56          6          0          0          0        487   led.o
       148          0          0          0          0       3126   list.o
      1574        778          0          1          0       5008   lora.o
      1152        422          0         28          0     274524   main.o
       112         12          0         20       5760       2778   malloc.o
       172         22          0          0          0       2057   misc.o
      1118        378          0         12          0      10153   port.o
      2300        278          0          0         64      15434   queue.o
        64         26        236          0       1536        796   startup_stm32f10x_md.o
       304          0          0          0          0       3660   stm32f10x_gpio.o
        20          0          0          0          0       2481   stm32f10x_it.o
       340         44          0         20          0       5568   stm32f10x_rcc.o
       250         42          0          0          0       4087   stm32f10x_tim.o
       598         28          0          0          0       6784   stm32f10x_usart.o
         0          0          0          0          0         32   sys.o
       328         28          0         20          0       2085   system_stm32f10x.o
      4166        932          0         64        740      34599   tasks.o
      1624        494          0         12         20       4869   timer.o
      1448        282          0         20         40      14030   timers.o
       332         28          0          6        200       4176   usart.o
       476         50          0          9       1000       4907   usart3.o

    ----------------------------------------------------------------------
     18374       4164        268        252      19600     429548   Object Totals
         0          0         32          0          0          0   (incl. Generated)
        20          0          0          4          0          0   (incl. Padding)

    ----------------------------------------------------------------------

      Code (inc. data)   RO Data    RW Data    ZI Data      Debug   Library Member Name

        24          4          0          0          0         84   __2printf.o
        44          6          0          0          0         84   __2sprintf.o
         8          0          0          0          0         68   __main.o
       392          4         17          0          0         92   __printf_flags_ss_wp.o
        14          0          0          0          0         68   __printf_wp.o
         0          0          0          0          0          0   __rtentry.o
        12          0          0          0          0          0   __rtentry2.o
         6          0          0          0          0          0   __rtentry4.o
        52          8          0          0          0          0   __scatter.o
        26          0          0          0          0          0   __scatter_copy.o
        28          0          0          0          0          0   __scatter_zi.o
         6          0          0          0          0          0   _printf_a.o
         6          0          0          0          0          0   _printf_c.o
        44          0          0          0          0        108   _printf_char.o
        48          6          0          0          0         96   _printf_char_common.o
        36          4          0          0          0         80   _printf_char_file.o
        40          0          0          0          0         68   _printf_charcount.o
         6          0          0          0          0          0   _printf_d.o
       120         16          0          0          0         92   _printf_dec.o
         6          0          0          0          0          0   _printf_e.o
         6          0          0          0          0          0   _printf_f.o
      1054          0          0          0          0        216   _printf_fp_dec.o
       764          8         38          0          0        100   _printf_fp_hex.o
       128         16          0          0          0         84   _printf_fp_infnan.o
         6          0          0          0          0          0   _printf_g.o
       148          4         40          0          0        160   _printf_hex_int_ll_ptr.o
         6          0          0          0          0          0   _printf_i.o
       178          0          0          0          0         88   _printf_intcommon.o
        10          0          0          0          0          0   _printf_l.o
         6          0          0          0          0          0   _printf_lc.o
        10          0          0          0          0          0   _printf_ll.o
         6          0          0          0          0          0   _printf_lld.o
         6          0          0          0          0          0   _printf_lli.o
         6          0          0          0          0          0   _printf_llo.o
         6          0          0          0          0          0   _printf_llu.o
         6          0          0          0          0          0   _printf_llx.o
       124         16          0          0          0         92   _printf_longlong_dec.o
         6          0          0          0          0          0   _printf_ls.o
         6          0          0          0          0          0   _printf_n.o
         6          0          0          0          0          0   _printf_o.o
       112         10          0          0          0        124   _printf_oct_int_ll.o
         6          0          0          0          0          0   _printf_p.o
        78          0          0          0          0        108   _printf_pad.o
         0          0          0          0          0          0   _printf_percent.o
         4          0          0          0          0          0   _printf_percent_end.o
         6          0          0          0          0          0   _printf_s.o
        82          0          0          0          0         80   _printf_str.o
        36          0          0          0          0         84   _printf_truncate.o
         6          0          0          0          0          0   _printf_u.o
        44          0          0          0          0        108   _printf_wchar.o
       188          6          8          0          0         92   _printf_wctomb.o
         6          0          0          0          0          0   _printf_x.o
        10          0          0          0          0         68   _sputc.o
        64          0          0          0          0         92   _wcrtomb.o
        16          0          0          0          0         68   aeabi_memset.o
       228          4        148          0          0         96   bigflt0.o
      1936        128          0          0          0        672   btod.o
        18          0          0          0          0         80   exit.o
         8          0          0          0          0         68   ferror.o
         6          0          0          0          0        152   heapauxi.o
        44         10        272          0          0         76   lc_ctype_c.o
        44         10         28          0          0         76   lc_numeric_c.o
         2          0          0          0          0          0   libinit.o
        30          0          0          0          0          0   libinit2.o
         2          0          0          0          0          0   libshutdown.o
         2          0          0          0          0          0   libshutdown2.o
         8          4          0          0         96         68   libspace.o
       138          0          0          0          0         80   lludiv10.o
        16          4          0          0          0         76   rt_ctype_table.o
         8          4          0          0          0         68   rt_locale_intlibspace.o
        68          0          0          0          0         68   rt_memclr.o
        78          0          0          0          0         80   rt_memclr_w.o
       138          0          0          0          0         68   rt_memcpy_v6.o
       100          0          0          0          0         80   rt_memcpy_w.o
         2          0          0          0          0          0   rtexit.o
        10          0          0          0          0          0   rtexit2.o
       128          0          0          0          0         68   strcmpv7m.o
        62          0          0          0          0         76   strlen.o
        36          0          0          0          0         80   strstr.o
        74          0          0          0          0         80   sys_stackheap_outer.o
         2          0          0          0          0         68   use_no_semi.o
         2          0          0          0          0         68   use_no_semi_2.o
        36          4          0          0          0         76   vsprintf.o
         4          0          0          0          0         68   printf1.o
         4          0          0          0          0         68   printf2.o
         0          0          0          0          0          0   usenofp.o
        40          0          0          0          0         68   fpclassify.o

    ----------------------------------------------------------------------
      7354        276        556          0        100       4932   Library Totals
        16          0          5          0          4          0   (incl. Padding)

    ----------------------------------------------------------------------

      Code (inc. data)   RO Data    RW Data    ZI Data      Debug   Library Name

      7290        276        551          0         96       4728   c_w.l
         8          0          0          0          0        136   fz_ws.l
        40          0          0          0          0         68   m_ws.l

    ----------------------------------------------------------------------
      7354        276        556          0        100       4932   Library Totals

    ----------------------------------------------------------------------

==============================================================================


      Code (inc. data)   RO Data    RW Data    ZI Data      Debug   

     25728       4440        824        252      19700     423972   Grand Totals
     25728       4440        824        252      19700     423972   ELF Image Totals
     25728       4440        824        252          0          0   ROM Totals

==============================================================================

    Total RO  Size (Code + RO Data)                26552 (  25.93kB)
    Total RW  Size (RW Data + ZI Data)             19952 (  19.48kB)
    Total ROM Size (Code + RO Data + RW Data)      26804 (  26.18kB)

==============================================================================

